Archive member included to satisfy reference by file (symbol)

c:/st/stm32cubeide_1.6.0/stm32cubeide/plugins/com.st.stm32cube.ide.mcu.externaltools.gnu-tools-for-stm32.9-2020-q2-update.win32_1.5.0.202011040924/tools/bin/../lib/gcc/arm-none-eabi/9.3.1/../../../../arm-none-eabi/lib/thumb/v7e-m+fp/hard\libc_nano.a(lib_a-errno.o)
                              Core/Src/syscalls.o (__errno)
c:/st/stm32cubeide_1.6.0/stm32cubeide/plugins/com.st.stm32cube.ide.mcu.externaltools.gnu-tools-for-stm32.9-2020-q2-update.win32_1.5.0.202011040924/tools/bin/../lib/gcc/arm-none-eabi/9.3.1/../../../../arm-none-eabi/lib/thumb/v7e-m+fp/hard\libc_nano.a(lib_a-exit.o)
                              c:/st/stm32cubeide_1.6.0/stm32cubeide/plugins/com.st.stm32cube.ide.mcu.externaltools.gnu-tools-for-stm32.9-2020-q2-update.win32_1.5.0.202011040924/tools/bin/../lib/gcc/arm-none-eabi/9.3.1/../../../../arm-none-eabi/lib/thumb/v7e-m+fp/hard/crt0.o (exit)
c:/st/stm32cubeide_1.6.0/stm32cubeide/plugins/com.st.stm32cube.ide.mcu.externaltools.gnu-tools-for-stm32.9-2020-q2-update.win32_1.5.0.202011040924/tools/bin/../lib/gcc/arm-none-eabi/9.3.1/../../../../arm-none-eabi/lib/thumb/v7e-m+fp/hard\libc_nano.a(lib_a-impure.o)
                              c:/st/stm32cubeide_1.6.0/stm32cubeide/plugins/com.st.stm32cube.ide.mcu.externaltools.gnu-tools-for-stm32.9-2020-q2-update.win32_1.5.0.202011040924/tools/bin/../lib/gcc/arm-none-eabi/9.3.1/../../../../arm-none-eabi/lib/thumb/v7e-m+fp/hard\libc_nano.a(lib_a-exit.o) (_global_impure_ptr)
c:/st/stm32cubeide_1.6.0/stm32cubeide/plugins/com.st.stm32cube.ide.mcu.externaltools.gnu-tools-for-stm32.9-2020-q2-update.win32_1.5.0.202011040924/tools/bin/../lib/gcc/arm-none-eabi/9.3.1/../../../../arm-none-eabi/lib/thumb/v7e-m+fp/hard\libc_nano.a(lib_a-init.o)
                              c:/st/stm32cubeide_1.6.0/stm32cubeide/plugins/com.st.stm32cube.ide.mcu.externaltools.gnu-tools-for-stm32.9-2020-q2-update.win32_1.5.0.202011040924/tools/bin/../lib/gcc/arm-none-eabi/9.3.1/../../../../arm-none-eabi/lib/thumb/v7e-m+fp/hard/crt0.o (__libc_init_array)
c:/st/stm32cubeide_1.6.0/stm32cubeide/plugins/com.st.stm32cube.ide.mcu.externaltools.gnu-tools-for-stm32.9-2020-q2-update.win32_1.5.0.202011040924/tools/bin/../lib/gcc/arm-none-eabi/9.3.1/../../../../arm-none-eabi/lib/thumb/v7e-m+fp/hard\libc_nano.a(lib_a-memcpy-stub.o)
                              Core/Src/MY_NRF24.o (memcpy)
c:/st/stm32cubeide_1.6.0/stm32cubeide/plugins/com.st.stm32cube.ide.mcu.externaltools.gnu-tools-for-stm32.9-2020-q2-update.win32_1.5.0.202011040924/tools/bin/../lib/gcc/arm-none-eabi/9.3.1/../../../../arm-none-eabi/lib/thumb/v7e-m+fp/hard\libc_nano.a(lib_a-memset.o)
                              c:/st/stm32cubeide_1.6.0/stm32cubeide/plugins/com.st.stm32cube.ide.mcu.externaltools.gnu-tools-for-stm32.9-2020-q2-update.win32_1.5.0.202011040924/tools/bin/../lib/gcc/arm-none-eabi/9.3.1/../../../../arm-none-eabi/lib/thumb/v7e-m+fp/hard/crt0.o (memset)
c:/st/stm32cubeide_1.6.0/stm32cubeide/plugins/com.st.stm32cube.ide.mcu.externaltools.gnu-tools-for-stm32.9-2020-q2-update.win32_1.5.0.202011040924/tools/bin/../lib/gcc/arm-none-eabi/9.3.1/../../../../arm-none-eabi/lib/thumb/v7e-m+fp/hard\libc_nano.a(lib_a-sprintf.o)
                              Core/Src/MY_NRF24.o (sprintf)
c:/st/stm32cubeide_1.6.0/stm32cubeide/plugins/com.st.stm32cube.ide.mcu.externaltools.gnu-tools-for-stm32.9-2020-q2-update.win32_1.5.0.202011040924/tools/bin/../lib/gcc/arm-none-eabi/9.3.1/../../../../arm-none-eabi/lib/thumb/v7e-m+fp/hard\libc_nano.a(lib_a-strlen.o)
                              Core/Src/MY_NRF24.o (strlen)
c:/st/stm32cubeide_1.6.0/stm32cubeide/plugins/com.st.stm32cube.ide.mcu.externaltools.gnu-tools-for-stm32.9-2020-q2-update.win32_1.5.0.202011040924/tools/bin/../lib/gcc/arm-none-eabi/9.3.1/../../../../arm-none-eabi/lib/thumb/v7e-m+fp/hard\libc_nano.a(lib_a-nano-svfprintf.o)
                              c:/st/stm32cubeide_1.6.0/stm32cubeide/plugins/com.st.stm32cube.ide.mcu.externaltools.gnu-tools-for-stm32.9-2020-q2-update.win32_1.5.0.202011040924/tools/bin/../lib/gcc/arm-none-eabi/9.3.1/../../../../arm-none-eabi/lib/thumb/v7e-m+fp/hard\libc_nano.a(lib_a-sprintf.o) (_svfprintf_r)
c:/st/stm32cubeide_1.6.0/stm32cubeide/plugins/com.st.stm32cube.ide.mcu.externaltools.gnu-tools-for-stm32.9-2020-q2-update.win32_1.5.0.202011040924/tools/bin/../lib/gcc/arm-none-eabi/9.3.1/../../../../arm-none-eabi/lib/thumb/v7e-m+fp/hard\libc_nano.a(lib_a-nano-vfprintf_i.o)
                              c:/st/stm32cubeide_1.6.0/stm32cubeide/plugins/com.st.stm32cube.ide.mcu.externaltools.gnu-tools-for-stm32.9-2020-q2-update.win32_1.5.0.202011040924/tools/bin/../lib/gcc/arm-none-eabi/9.3.1/../../../../arm-none-eabi/lib/thumb/v7e-m+fp/hard\libc_nano.a(lib_a-nano-svfprintf.o) (_printf_i)
[...]
Memory Configuration

Name             Origin             Length             Attributes
CCMRAM           0x0000000010000000 0x0000000000010000 xrw
RAM              0x0000000020000000 0x0000000000020000 xrw
FLASH            0x0000000008000000 0x0000000000100000 xr
*default*        0x0000000000000000 0xffffffffffffffff

Linker script and memory map

LOAD c:/st/stm32cubeide_1.6.0/stm32cubeide/plugins/com.st.stm32cube.ide.mcu.externaltools.gnu-tools-for-stm32.9-2020-q2-update.win32_1.5.0.202011040924/tools/bin/../lib/gcc/arm-none-eabi/9.3.1/thumb/v7e-m+fp/hard/crti.o
LOAD c:/st/stm32cubeide_1.6.0/stm32cubeide/plugins/com.st.stm32cube.ide.mcu.externaltools.gnu-tools-for-stm32.9-2020-q2-update.win32_1.5.0.202011040924/tools/bin/../lib/gcc/arm-none-eabi/9.3.1/thumb/v7e-m+fp/hard/crtbegin.o
LOAD c:/st/stm32cubeide_1.6.0/stm32cubeide/plugins/com.st.stm32cube.ide.mcu.externaltools.gnu-tools-for-stm32.9-2020-q2-update.win32_1.5.0.202011040924/tools/bin/../lib/gcc/arm-none-eabi/9.3.1/../../../../arm-none-eabi/lib/thumb/v7e-m+fp/hard/crt0.o
LOAD Core/Src/MY_NRF24.o
LOAD Core/Src/main.o
LOAD Core/Src/stm32f4xx_hal_msp.o
LOAD Core/Src/stm32f4xx_it.o
LOAD Core/Src/syscalls.o
LOAD Core/Src/sysmem.o
LOAD Core/Src/system_stm32f4xx.o
LOAD Core/Startup/startup_stm32f407vgtx.o
LOAD Drivers/STM32F4xx_HAL_Driver/Src/stm32f4xx_hal.o
LOAD Drivers/STM32F4xx_HAL_Driver/Src/stm32f4xx_hal_cortex.o
LOAD Drivers/STM32F4xx_HAL_Driver/Src/stm32f4xx_hal_dma.o
LOAD Drivers/STM32F4xx_HAL_Driver/Src/stm32f4xx_hal_dma_ex.o
LOAD Drivers/STM32F4xx_HAL_Driver/Src/stm32f4xx_hal_exti.o
LOAD Drivers/STM32F4xx_HAL_Driver/Src/stm32f4xx_hal_flash.o
LOAD Drivers/STM32F4xx_HAL_Driver/Src/stm32f4xx_hal_flash_ex.o
LOAD Drivers/STM32F4xx_HAL_Driver/Src/stm32f4xx_hal_flash_ramfunc.o
LOAD Drivers/STM32F4xx_HAL_Driver/Src/stm32f4xx_hal_gpio.o
LOAD Drivers/STM32F4xx_HAL_Driver/Src/stm32f4xx_hal_pwr.o
LOAD Drivers/STM32F4xx_HAL_Driver/Src/stm32f4xx_hal_pwr_ex.o
LOAD Drivers/STM32F4xx_HAL_Driver/Src/stm32f4xx_hal_rcc.o
LOAD Drivers/STM32F4xx_HAL_Driver/Src/stm32f4xx_hal_rcc_ex.o
LOAD Drivers/STM32F4xx_HAL_Driver/Src/stm32f4xx_hal_spi.o
LOAD Drivers/STM32F4xx_HAL_Driver/Src/stm32f4xx_hal_tim.o
LOAD Drivers/STM32F4xx_HAL_Driver/Src/stm32f4xx_hal_tim_ex.o
LOAD Drivers/STM32F4xx_HAL_Driver/Src/stm32f4xx_hal_uart.o
START GROUP
LOAD c:/st/stm32cubeide_1.6.0/stm32cubeide/plugins/com.st.stm32cube.ide.mcu.externaltools.gnu-tools-for-stm32.9-2020-q2-update.win32_1.5.0.202011040924/tools/bin/../lib/gcc/arm-none-eabi/9.3.1/../../../../arm-none-eabi/lib/thumb/v7e-m+fp/hard\libc_nano.a
LOAD c:/st/stm32cubeide_1.6.0/stm32cubeide/plugins/com.st.stm32cube.ide.mcu.externaltools.gnu-tools-for-stm32.9-2020-q2-update.win32_1.5.0.202011040924/tools/bin/../lib/gcc/arm-none-eabi/9.3.1/../../../../arm-none-eabi/lib/thumb/v7e-m+fp/hard\libm.a
END GROUP
START GROUP
LOAD c:/st/stm32cubeide_1.6.0/stm32cubeide/plugins/com.st.stm32cube.ide.mcu.externaltools.gnu-tools-for-stm32.9-2020-q2-update.win32_1.5.0.202011040924/tools/bin/../lib/gcc/arm-none-eabi/9.3.1/thumb/v7e-m+fp/hard\libgcc.a
LOAD c:/st/stm32cubeide_1.6.0/stm32cubeide/plugins/com.st.stm32cube.ide.mcu.externaltools.gnu-tools-for-stm32.9-2020-q2-update.win32_1.5.0.202011040924/tools/bin/../lib/gcc/arm-none-eabi/9.3.1/../../../../arm-none-eabi/lib/thumb/v7e-m+fp/hard\libc_nano.a
END GROUP
START GROUP
LOAD c:/st/stm32cubeide_1.6.0/stm32cubeide/plugins/com.st.stm32cube.ide.mcu.externaltools.gnu-tools-for-stm32.9-2020-q2-update.win32_1.5.0.202011040924/tools/bin/../lib/gcc/arm-none-eabi/9.3.1/thumb/v7e-m+fp/hard\libgcc.a
LOAD c:/st/stm32cubeide_1.6.0/stm32cubeide/plugins/com.st.stm32cube.ide.mcu.externaltools.gnu-tools-for-stm32.9-2020-q2-update.win32_1.5.0.202011040924/tools/bin/../lib/gcc/arm-none-eabi/9.3.1/../../../../arm-none-eabi/lib/thumb/v7e-m+fp/hard\libc_nano.a
LOAD c:/st/stm32cubeide_1.6.0/stm32cubeide/plugins/com.st.stm32cube.ide.mcu.externaltools.gnu-tools-for-stm32.9-2020-q2-update.win32_1.5.0.202011040924/tools/bin/../lib/gcc/arm-none-eabi/9.3.1/../../../../arm-none-eabi/lib/thumb/v7e-m+fp/hard\libnosys.a
END GROUP
START GROUP
LOAD c:/st/stm32cubeide_1.6.0/stm32cubeide/plugins/com.st.stm32cube.ide.mcu.externaltools.gnu-tools-for-stm32.9-2020-q2-update.win32_1.5.0.202011040924/tools/bin/../lib/gcc/arm-none-eabi/9.3.1/thumb/v7e-m+fp/hard\libgcc.a
LOAD c:/st/stm32cubeide_1.6.0/stm32cubeide/plugins/com.st.stm32cube.ide.mcu.externaltools.gnu-tools-for-stm32.9-2020-q2-update.win32_1.5.0.202011040924/tools/bin/../lib/gcc/arm-none-eabi/9.3.1/../../../../arm-none-eabi/lib/thumb/v7e-m+fp/hard\libc_nano.a
LOAD c:/st/stm32cubeide_1.6.0/stm32cubeide/plugins/com.st.stm32cube.ide.mcu.externaltools.gnu-tools-for-stm32.9-2020-q2-update.win32_1.5.0.202011040924/tools/bin/../lib/gcc/arm-none-eabi/9.3.1/../../../../arm-none-eabi/lib/thumb/v7e-m+fp/hard\libnosys.a
END GROUP
LOAD c:/st/stm32cubeide_1.6.0/stm32cubeide/plugins/com.st.stm32cube.ide.mcu.externaltools.gnu-tools-for-stm32.9-2020-q2-update.win32_1.5.0.202011040924/tools/bin/../lib/gcc/arm-none-eabi/9.3.1/thumb/v7e-m+fp/hard/crtend.o
LOAD c:/st/stm32cubeide_1.6.0/stm32cubeide/plugins/com.st.stm32cube.ide.mcu.externaltools.gnu-tools-for-stm32.9-2020-q2-update.win32_1.5.0.202011040924/tools/bin/../lib/gcc/arm-none-eabi/9.3.1/thumb/v7e-m+fp/hard/crtn.o
                0x0000000020020000                _estack = (ORIGIN (RAM) + LENGTH (RAM))
                0x0000000000000200                _Min_Heap_Size = 0x200
                0x0000000000000400                _Min_Stack_Size = 0x400

.isr_vector     0x0000000008000000      0x188
                0x0000000008000000                . = ALIGN (0x4)
 *(.isr_vector)
 .isr_vector    0x0000000008000000      0x188 Core/Startup/startup_stm32f407vgtx.o
                0x0000000008000000                g_pfnVectors
                0x0000000008000188                . = ALIGN (0x4)

.text           0x0000000008000190     0x4360
                0x0000000008000190                . = ALIGN (0x4)
 *(.text)
 .text          0x0000000008000190       0x40 c:/st/stm32cubeide_1.6.0/stm32cubeide/plugins/com.st.stm32cube.ide.mcu.externaltools.gnu-tools-for-stm32.9-2020-q2-update.win32_1.5.0.202011040924/tools/bin/../lib/gcc/arm-none-eabi/9.3.1/thumb/v7e-m+fp/hard/crtbegin.o
 .text          0x00000000080001d0       0x10 c:/st/stm32cubeide_1.6.0/stm32cubeide/plugins/com.st.stm32cube.ide.mcu.externaltools.gnu-tools-for-stm32.9-2020-q2-update.win32_1.5.0.202011040924/tools/bin/../lib/gcc/arm-none-eabi/9.3.1/../../../../arm-none-eabi/lib/thumb/v7e-m+fp/hard\libc_nano.a(lib_a-strlen.o)
                0x00000000080001d0                strlen
 .text          0x00000000080001e0       0xa0 c:/st/stm32cubeide_1.6.0/stm32cubeide/plugins/com.st.stm32cube.ide.mcu.externaltools.gnu-tools-for-stm32.9-2020-q2-update.win32_1.5.0.202011040924/tools/bin/../lib/gcc/arm-none-eabi/9.3.1/../../../../arm-none-eabi/lib/thumb/v7e-m+fp/hard\libc_nano.a(lib_a-memchr.o)
                0x00000000080001e0                memchr
 .text          0x0000000008000280       0x30 c:/st/stm32cubeide_1.6.0/stm32cubeide/plugins/com.st.stm32cube.ide.mcu.externaltools.gnu-tools-for-stm32.9-2020-q2-update.win32_1.5.0.202011040924/tools/bin/../lib/gcc/arm-none-eabi/9.3.1/thumb/v7e-m+fp/hard\libgcc.a(_aeabi_uldivmod.o)
                0x0000000008000280                __aeabi_uldivmod
 .text          0x00000000080002b0      0x2c4 c:/st/stm32cubeide_1.6.0/stm32cubeide/plugins/com.st.stm32cube.ide.mcu.externaltools.gnu-tools-for-stm32.9-2020-q2-update.win32_1.5.0.202011040924/tools/bin/../lib/gcc/arm-none-eabi/9.3.1/thumb/v7e-m+fp/hard\libgcc.a(_udivmoddi4.o)
                0x00000000080002b0                __udivmoddi4
 .text          0x0000000008000574        0x4 c:/st/stm32cubeide_1.6.0/stm32cubeide/plugins/com.st.stm32cube.ide.mcu.externaltools.gnu-tools-for-stm32.9-2020-q2-update.win32_1.5.0.202011040924/tools/bin/../lib/gcc/arm-none-eabi/9.3.1/thumb/v7e-m+fp/hard\libgcc.a(_dvmd_tls.o)
                0x0000000008000574                __aeabi_idiv0
                0x0000000008000574                __aeabi_ldiv0
 *(.text*)
 .text.NRF24_DelayMicroSeconds
                0x0000000008000578       0x44 Core/Src/MY_NRF24.o
                0x0000000008000578                NRF24_DelayMicroSeconds
 .text.NRF24_csn
                0x00000000080005bc       0x40 Core/Src/MY_NRF24.o
                0x00000000080005bc                NRF24_csn
 .text.NRF24_ce
                0x00000000080005fc       0x40 Core/Src/MY_NRF24.o
                0x00000000080005fc                NRF24_ce
 .text.NRF24_read_register
                0x000000000800063c       0x50 Core/Src/MY_NRF24.o
                0x000000000800063c                NRF24_read_register
 .text.NRF24_read_registerN
                0x000000000800068c       0x50 Core/Src/MY_NRF24.o
                0x000000000800068c                NRF24_read_registerN
 .text.NRF24_write_register
                0x00000000080006dc       0x44 Core/Src/MY_NRF24.o
                0x00000000080006dc                NRF24_write_register
 .text.NRF24_write_registerN
                0x0000000008000720       0x50 Core/Src/MY_NRF24.o
                0x0000000008000720                NRF24_write_registerN
 .text.NRF24_flush_tx
                0x0000000008000770       0x10 Core/Src/MY_NRF24.o
                0x0000000008000770                NRF24_flush_tx
 .text.NRF24_flush_rx
                0x0000000008000780       0x10 Core/Src/MY_NRF24.o
                0x0000000008000780                NRF24_flush_rx
 .text.NRF24_begin
                0x0000000008000790      0x1c0 Core/Src/MY_NRF24.o
                0x0000000008000790                NRF24_begin
 .text.NRF24_startListening
                0x0000000008000950       0x4c Core/Src/MY_NRF24.o
                0x0000000008000950                NRF24_startListening
 .text.NRF24_openReadingPipe
                0x000000000800099c       0x9c Core/Src/MY_NRF24.o
                0x000000000800099c                NRF24_openReadingPipe
 .text.NRF24_setRetries
                0x0000000008000a38       0x36 Core/Src/MY_NRF24.o
                0x0000000008000a38                NRF24_setRetries
 .text.NRF24_setChannel
                0x0000000008000a6e       0x2a Core/Src/MY_NRF24.o
                0x0000000008000a6e                NRF24_setChannel
 .text.NRF24_setPayloadSize
                0x0000000008000a98       0x30 Core/Src/MY_NRF24.o
                0x0000000008000a98                NRF24_setPayloadSize
 .text.NRF24_enableAckPayload
                0x0000000008000ac8       0x5a Core/Src/MY_NRF24.o
                0x0000000008000ac8                NRF24_enableAckPayload
 *fill*         0x0000000008000b22        0x2 
 .text.NRF24_enableDynamicPayloads
                0x0000000008000b24       0x64 Core/Src/MY_NRF24.o
                0x0000000008000b24                NRF24_enableDynamicPayloads
 .text.NRF24_disableDynamicPayloads
                0x0000000008000b88       0x30 Core/Src/MY_NRF24.o
                0x0000000008000b88                NRF24_disableDynamicPayloads
 .text.NRF24_setAutoAck
                0x0000000008000bb8       0x2a Core/Src/MY_NRF24.o
                0x0000000008000bb8                NRF24_setAutoAck
 .text.NRF24_setPALevel
                0x0000000008000be2       0x72 Core/Src/MY_NRF24.o
                0x0000000008000be2                NRF24_setPALevel
 .text.NRF24_setDataRate
                0x0000000008000c54       0x8c Core/Src/MY_NRF24.o
                0x0000000008000c54                NRF24_setDataRate
 .text.NRF24_setCRCLength
                0x0000000008000ce0       0x50 Core/Src/MY_NRF24.o
                0x0000000008000ce0                NRF24_setCRCLength
 .text.NRF24_powerDown
                0x0000000008000d30       0x1e Core/Src/MY_NRF24.o
                0x0000000008000d30                NRF24_powerDown
 .text.NRF24_resetStatus
                0x0000000008000d4e       0x10 Core/Src/MY_NRF24.o
                0x0000000008000d4e                NRF24_resetStatus
 *fill*         0x0000000008000d5e        0x2 
 .text.NRF24_ACTIVATE_cmd
                0x0000000008000d60       0x34 Core/Src/MY_NRF24.o
                0x0000000008000d60                NRF24_ACTIVATE_cmd
 .text.printRadioSettings
                0x0000000008000d94      0x850 Core/Src/MY_NRF24.o
                0x0000000008000d94                printRadioSettings
 .text.nrf24_DebugUART_Init
                0x00000000080015e4       0x30 Core/Src/MY_NRF24.o
                0x00000000080015e4                nrf24_DebugUART_Init
 .text.main     0x0000000008001614       0x98 Core/Src/main.o
                0x0000000008001614                main
 .text.SystemClock_Config
                0x00000000080016ac       0xd4 Core/Src/main.o
                0x00000000080016ac                SystemClock_Config
 .text.MX_SPI1_Init
                0x0000000008001780       0x6c Core/Src/main.o
 .text.MX_USART2_UART_Init
                0x00000000080017ec       0x54 Core/Src/main.o
 .text.MX_GPIO_Init
                0x0000000008001840       0xfc Core/Src/main.o
 .text.Error_Handler
                0x000000000800193c        0xa Core/Src/main.o
                0x000000000800193c                Error_Handler
 *fill*         0x0000000008001946        0x2 
 .text.HAL_MspInit
                0x0000000008001948       0x50 Core/Src/stm32f4xx_hal_msp.o
                0x0000000008001948                HAL_MspInit
 .text.HAL_SPI_MspInit
                0x0000000008001998       0x90 Core/Src/stm32f4xx_hal_msp.o
                0x0000000008001998                HAL_SPI_MspInit
 .text.HAL_UART_MspInit
                0x0000000008001a28       0x90 Core/Src/stm32f4xx_hal_msp.o
                0x0000000008001a28                HAL_UART_MspInit
 .text.NMI_Handler
                0x0000000008001ab8        0x6 Core/Src/stm32f4xx_it.o
                0x0000000008001ab8                NMI_Handler
 .text.HardFault_Handler
                0x0000000008001abe        0x6 Core/Src/stm32f4xx_it.o
                0x0000000008001abe                HardFault_Handler
 .text.MemManage_Handler
                0x0000000008001ac4        0x6 Core/Src/stm32f4xx_it.o
                0x0000000008001ac4                MemManage_Handler
 .text.BusFault_Handler
                0x0000000008001aca        0x6 Core/Src/stm32f4xx_it.o
                0x0000000008001aca                BusFault_Handler
 .text.UsageFault_Handler
                0x0000000008001ad0        0x6 Core/Src/stm32f4xx_it.o
                0x0000000008001ad0                UsageFault_Handler
 .text.SVC_Handler
                0x0000000008001ad6        0xe Core/Src/stm32f4xx_it.o
                0x0000000008001ad6                SVC_Handler
 .text.DebugMon_Handler
                0x0000000008001ae4        0xe Core/Src/stm32f4xx_it.o
                0x0000000008001ae4                DebugMon_Handler
 .text.PendSV_Handler
                0x0000000008001af2        0xe Core/Src/stm32f4xx_it.o
                0x0000000008001af2                PendSV_Handler
 .text.SysTick_Handler
                0x0000000008001b00        0xc Core/Src/stm32f4xx_it.o
                0x0000000008001b00                SysTick_Handler
 .text._sbrk    0x0000000008001b0c       0x6c Core/Src/sysmem.o
                0x0000000008001b0c                _sbrk
 .text.SystemInit
                0x0000000008001b78       0x24 Core/Src/system_stm32f4xx.o
                0x0000000008001b78                SystemInit
 .text.Reset_Handler
                0x0000000008001b9c       0x50 Core/Startup/startup_stm32f407vgtx.o
                0x0000000008001b9c                Reset_Handler
 .text.Default_Handler
                0x0000000008001bec        0x2 Core/Startup/startup_stm32f407vgtx.o
                0x0000000008001bec                RTC_Alarm_IRQHandler
                0x0000000008001bec                HASH_RNG_IRQHandler
                0x0000000008001bec                EXTI2_IRQHandler
                0x0000000008001bec                TIM8_CC_IRQHandler
                0x0000000008001bec                TIM1_CC_IRQHandler
                0x0000000008001bec                DMA2_Stream5_IRQHandler
                0x0000000008001bec                DMA1_Stream5_IRQHandler
                0x0000000008001bec                PVD_IRQHandler
                0x0000000008001bec                SDIO_IRQHandler
                0x0000000008001bec                TAMP_STAMP_IRQHandler
                0x0000000008001bec                CAN2_RX1_IRQHandler
                0x0000000008001bec                EXTI3_IRQHandler
                0x0000000008001bec                TIM8_TRG_COM_TIM14_IRQHandler
                0x0000000008001bec                TIM1_UP_TIM10_IRQHandler
                0x0000000008001bec                TIM8_UP_TIM13_IRQHandler
                0x0000000008001bec                I2C3_ER_IRQHandler
                0x0000000008001bec                EXTI0_IRQHandler
                0x0000000008001bec                I2C2_EV_IRQHandler
                0x0000000008001bec                DMA1_Stream2_IRQHandler
                0x0000000008001bec                CAN1_RX0_IRQHandler
                0x0000000008001bec                FPU_IRQHandler
                0x0000000008001bec                OTG_HS_WKUP_IRQHandler
                0x0000000008001bec                CAN2_SCE_IRQHandler
                0x0000000008001bec                DMA2_Stream2_IRQHandler
                0x0000000008001bec                SPI1_IRQHandler
                0x0000000008001bec                TIM6_DAC_IRQHandler
                0x0000000008001bec                TIM1_BRK_TIM9_IRQHandler
                0x0000000008001bec                DCMI_IRQHandler
                0x0000000008001bec                CAN2_RX0_IRQHandler
                0x0000000008001bec                DMA2_Stream3_IRQHandler
                0x0000000008001bec                USART6_IRQHandler
                0x0000000008001bec                USART3_IRQHandler
                0x0000000008001bec                CAN1_RX1_IRQHandler
                0x0000000008001bec                UART5_IRQHandler
                0x0000000008001bec                DMA2_Stream0_IRQHandler
                0x0000000008001bec                TIM4_IRQHandler
                0x0000000008001bec                I2C1_EV_IRQHandler
                0x0000000008001bec                DMA1_Stream6_IRQHandler
                0x0000000008001bec                DMA1_Stream1_IRQHandler
                0x0000000008001bec                UART4_IRQHandler
                0x0000000008001bec                TIM3_IRQHandler
                0x0000000008001bec                RCC_IRQHandler
                0x0000000008001bec                TIM8_BRK_TIM12_IRQHandler
                0x0000000008001bec                Default_Handler
                0x0000000008001bec                EXTI15_10_IRQHandler
                0x0000000008001bec                ADC_IRQHandler
                0x0000000008001bec                DMA1_Stream7_IRQHandler
                0x0000000008001bec                TIM7_IRQHandler
                0x0000000008001bec                CAN2_TX_IRQHandler
                0x0000000008001bec                TIM5_IRQHandler
                0x0000000008001bec                DMA2_Stream7_IRQHandler
                0x0000000008001bec                I2C3_EV_IRQHandler
                0x0000000008001bec                EXTI9_5_IRQHandler
                0x0000000008001bec                RTC_WKUP_IRQHandler
                0x0000000008001bec                ETH_WKUP_IRQHandler
                0x0000000008001bec                SPI2_IRQHandler
                0x0000000008001bec                OTG_HS_EP1_IN_IRQHandler
                0x0000000008001bec                DMA1_Stream0_IRQHandler
                0x0000000008001bec                CAN1_TX_IRQHandler
                0x0000000008001bec                EXTI4_IRQHandler
                0x0000000008001bec                FSMC_IRQHandler
                0x0000000008001bec                ETH_IRQHandler
                0x0000000008001bec                OTG_HS_EP1_OUT_IRQHandler
                0x0000000008001bec                WWDG_IRQHandler
                0x0000000008001bec                TIM2_IRQHandler
                0x0000000008001bec                OTG_FS_WKUP_IRQHandler
                0x0000000008001bec                TIM1_TRG_COM_TIM11_IRQHandler
                0x0000000008001bec                OTG_HS_IRQHandler
                0x0000000008001bec                EXTI1_IRQHandler
                0x0000000008001bec                USART2_IRQHandler
                0x0000000008001bec                I2C2_ER_IRQHandler
                0x0000000008001bec                DMA2_Stream1_IRQHandler
                0x0000000008001bec                CAN1_SCE_IRQHandler
                0x0000000008001bec                FLASH_IRQHandler
                0x0000000008001bec                DMA2_Stream4_IRQHandler
                0x0000000008001bec                USART1_IRQHandler
                0x0000000008001bec                OTG_FS_IRQHandler
                0x0000000008001bec                SPI3_IRQHandler
                0x0000000008001bec                DMA1_Stream4_IRQHandler
                0x0000000008001bec                I2C1_ER_IRQHandler
                0x0000000008001bec                DMA2_Stream6_IRQHandler
                0x0000000008001bec                DMA1_Stream3_IRQHandler
 *fill*         0x0000000008001bee        0x2 
 .text.HAL_Init
                0x0000000008001bf0       0x44 Drivers/STM32F4xx_HAL_Driver/Src/stm32f4xx_hal.o
                0x0000000008001bf0                HAL_Init
 .text.HAL_InitTick
                0x0000000008001c34       0x60 Drivers/STM32F4xx_HAL_Driver/Src/stm32f4xx_hal.o
                0x0000000008001c34                HAL_InitTick
 .text.HAL_IncTick
                0x0000000008001c94       0x28 Drivers/STM32F4xx_HAL_Driver/Src/stm32f4xx_hal.o
                0x0000000008001c94                HAL_IncTick
 .text.HAL_GetTick
                0x0000000008001cbc       0x18 Drivers/STM32F4xx_HAL_Driver/Src/stm32f4xx_hal.o
                0x0000000008001cbc                HAL_GetTick
 .text.HAL_Delay
                0x0000000008001cd4       0x48 Drivers/STM32F4xx_HAL_Driver/Src/stm32f4xx_hal.o
                0x0000000008001cd4                HAL_Delay
 .text.__NVIC_SetPriorityGrouping
                0x0000000008001d1c       0x48 Drivers/STM32F4xx_HAL_Driver/Src/stm32f4xx_hal_cortex.o
 .text.__NVIC_GetPriorityGrouping
                0x0000000008001d64       0x1c Drivers/STM32F4xx_HAL_Driver/Src/stm32f4xx_hal_cortex.o
 .text.__NVIC_SetPriority
                0x0000000008001d80       0x54 Drivers/STM32F4xx_HAL_Driver/Src/stm32f4xx_hal_cortex.o
 .text.NVIC_EncodePriority
                0x0000000008001dd4       0x66 Drivers/STM32F4xx_HAL_Driver/Src/stm32f4xx_hal_cortex.o
 *fill*         0x0000000008001e3a        0x2 
 .text.SysTick_Config
                0x0000000008001e3c       0x44 Drivers/STM32F4xx_HAL_Driver/Src/stm32f4xx_hal_cortex.o
 .text.HAL_NVIC_SetPriorityGrouping
                0x0000000008001e80       0x16 Drivers/STM32F4xx_HAL_Driver/Src/stm32f4xx_hal_cortex.o
                0x0000000008001e80                HAL_NVIC_SetPriorityGrouping
 .text.HAL_NVIC_SetPriority
                0x0000000008001e96       0x38 Drivers/STM32F4xx_HAL_Driver/Src/stm32f4xx_hal_cortex.o
                0x0000000008001e96                HAL_NVIC_SetPriority
 .text.HAL_SYSTICK_Config
                0x0000000008001ece       0x18 Drivers/STM32F4xx_HAL_Driver/Src/stm32f4xx_hal_cortex.o
                0x0000000008001ece                HAL_SYSTICK_Config
 *fill*         0x0000000008001ee6        0x2 
 .text.HAL_GPIO_Init
                0x0000000008001ee8      0x338 Drivers/STM32F4xx_HAL_Driver/Src/stm32f4xx_hal_gpio.o
                0x0000000008001ee8                HAL_GPIO_Init
 .text.HAL_GPIO_WritePin
                0x0000000008002220       0x32 Drivers/STM32F4xx_HAL_Driver/Src/stm32f4xx_hal_gpio.o
                0x0000000008002220                HAL_GPIO_WritePin
 *fill*         0x0000000008002252        0x2 
 .text.HAL_RCC_OscConfig
                0x0000000008002254      0x4f0 Drivers/STM32F4xx_HAL_Driver/Src/stm32f4xx_hal_rcc.o
                0x0000000008002254                HAL_RCC_OscConfig
 .text.HAL_RCC_ClockConfig
                0x0000000008002744      0x1cc Drivers/STM32F4xx_HAL_Driver/Src/stm32f4xx_hal_rcc.o
                0x0000000008002744                HAL_RCC_ClockConfig
 .text.HAL_RCC_GetSysClockFreq
                0x0000000008002910      0x16c Drivers/STM32F4xx_HAL_Driver/Src/stm32f4xx_hal_rcc.o
                0x0000000008002910                HAL_RCC_GetSysClockFreq
 .text.HAL_RCC_GetHCLKFreq
                0x0000000008002a7c       0x18 Drivers/STM32F4xx_HAL_Driver/Src/stm32f4xx_hal_rcc.o
                0x0000000008002a7c                HAL_RCC_GetHCLKFreq
 .text.HAL_RCC_GetPCLK1Freq
                0x0000000008002a94       0x28 Drivers/STM32F4xx_HAL_Driver/Src/stm32f4xx_hal_rcc.o
                0x0000000008002a94                HAL_RCC_GetPCLK1Freq
 .text.HAL_RCC_GetPCLK2Freq
                0x0000000008002abc       0x28 Drivers/STM32F4xx_HAL_Driver/Src/stm32f4xx_hal_rcc.o
                0x0000000008002abc                HAL_RCC_GetPCLK2Freq
 .text.HAL_SPI_Init
                0x0000000008002ae4      0x112 Drivers/STM32F4xx_HAL_Driver/Src/stm32f4xx_hal_spi.o
                0x0000000008002ae4                HAL_SPI_Init
 .text.HAL_SPI_Transmit
                0x0000000008002bf6      0x278 Drivers/STM32F4xx_HAL_Driver/Src/stm32f4xx_hal_spi.o
                0x0000000008002bf6                HAL_SPI_Transmit
 .text.HAL_SPI_Receive
                0x0000000008002e6e      0x222 Drivers/STM32F4xx_HAL_Driver/Src/stm32f4xx_hal_spi.o
                0x0000000008002e6e                HAL_SPI_Receive
 .text.HAL_SPI_TransmitReceive
                0x0000000008003090      0x344 Drivers/STM32F4xx_HAL_Driver/Src/stm32f4xx_hal_spi.o
                0x0000000008003090                HAL_SPI_TransmitReceive
 .text.SPI_WaitFlagStateUntilTimeout
                0x00000000080033d4      0x110 Drivers/STM32F4xx_HAL_Driver/Src/stm32f4xx_hal_spi.o
 .text.SPI_EndRxTransaction
                0x00000000080034e4       0xca Drivers/STM32F4xx_HAL_Driver/Src/stm32f4xx_hal_spi.o
 *fill*         0x00000000080035ae        0x2 
 .text.SPI_EndRxTxTransaction
                0x00000000080035b0       0x84 Drivers/STM32F4xx_HAL_Driver/Src/stm32f4xx_hal_spi.o
 .text.HAL_UART_Init
                0x0000000008003634       0x9a Drivers/STM32F4xx_HAL_Driver/Src/stm32f4xx_hal_uart.o
                0x0000000008003634                HAL_UART_Init
 .text.HAL_UART_Transmit
                0x00000000080036ce      0x124 Drivers/STM32F4xx_HAL_Driver/Src/stm32f4xx_hal_uart.o
                0x00000000080036ce                HAL_UART_Transmit
 .text.UART_WaitOnFlagUntilTimeout
                0x00000000080037f2       0x94 Drivers/STM32F4xx_HAL_Driver/Src/stm32f4xx_hal_uart.o
 *fill*         0x0000000008003886        0x2 
 .text.UART_SetConfig
                0x0000000008003888      0x390 Drivers/STM32F4xx_HAL_Driver/Src/stm32f4xx_hal_uart.o
 .text.__errno  0x0000000008003c18        0xc c:/st/stm32cubeide_1.6.0/stm32cubeide/plugins/com.st.stm32cube.ide.mcu.externaltools.gnu-tools-for-stm32.9-2020-q2-update.win32_1.5.0.202011040924/tools/bin/../lib/gcc/arm-none-eabi/9.3.1/../../../../arm-none-eabi/lib/thumb/v7e-m+fp/hard\libc_nano.a(lib_a-errno.o)
                0x0000000008003c18                __errno
 .text.__libc_init_array
                0x0000000008003c24       0x48 c:/st/stm32cubeide_1.6.0/stm32cubeide/plugins/com.st.stm32cube.ide.mcu.externaltools.gnu-tools-for-stm32.9-2020-q2-update.win32_1.5.0.202011040924/tools/bin/../lib/gcc/arm-none-eabi/9.3.1/../../../../arm-none-eabi/lib/thumb/v7e-m+fp/hard\libc_nano.a(lib_a-init.o)
                0x0000000008003c24                __libc_init_array
 .text.memcpy   0x0000000008003c6c       0x1c c:/st/stm32cubeide_1.6.0/stm32cubeide/plugins/com.st.stm32cube.ide.mcu.externaltools.gnu-tools-for-stm32.9-2020-q2-update.win32_1.5.0.202011040924/tools/bin/../lib/gcc/arm-none-eabi/9.3.1/../../../../arm-none-eabi/lib/thumb/v7e-m+fp/hard\libc_nano.a(lib_a-memcpy-stub.o)
                0x0000000008003c6c                memcpy
 .text.memset   0x0000000008003c88       0x10 c:/st/stm32cubeide_1.6.0/stm32cubeide/plugins/com.st.stm32cube.ide.mcu.externaltools.gnu-tools-for-stm32.9-2020-q2-update.win32_1.5.0.202011040924/tools/bin/../lib/gcc/arm-none-eabi/9.3.1/../../../../arm-none-eabi/lib/thumb/v7e-m+fp/hard\libc_nano.a(lib_a-memset.o)
                0x0000000008003c88                memset
 .text.sprintf  0x0000000008003c98       0x40 c:/st/stm32cubeide_1.6.0/stm32cubeide/plugins/com.st.stm32cube.ide.mcu.externaltools.gnu-tools-for-stm32.9-2020-q2-update.win32_1.5.0.202011040924/tools/bin/../lib/gcc/arm-none-eabi/9.3.1/../../../../arm-none-eabi/lib/thumb/v7e-m+fp/hard\libc_nano.a(lib_a-sprintf.o)
                0x0000000008003c98                siprintf
                0x0000000008003c98                sprintf
 .text.__ssputs_r
                0x0000000008003cd8       0xb6 c:/st/stm32cubeide_1.6.0/stm32cubeide/plugins/com.st.stm32cube.ide.mcu.externaltools.gnu-tools-for-stm32.9-2020-q2-update.win32_1.5.0.202011040924/tools/bin/../lib/gcc/arm-none-eabi/9.3.1/../../../../arm-none-eabi/lib/thumb/v7e-m+fp/hard\libc_nano.a(lib_a-nano-svfprintf.o)
                0x0000000008003cd8                __ssputs_r
 *fill*         0x0000000008003d8e        0x2 
 .text._svfprintf_r
                0x0000000008003d90      0x200 c:/st/stm32cubeide_1.6.0/stm32cubeide/plugins/com.st.stm32cube.ide.mcu.externaltools.gnu-tools-for-stm32.9-2020-q2-update.win32_1.5.0.202011040924/tools/bin/../lib/gcc/arm-none-eabi/9.3.1/../../../../arm-none-eabi/lib/thumb/v7e-m+fp/hard\libc_nano.a(lib_a-nano-svfprintf.o)
                0x0000000008003d90                _svfiprintf_r
                0x0000000008003d90                _svfprintf_r
 .text._printf_common
                0x0000000008003f90       0xda c:/st/stm32cubeide_1.6.0/stm32cubeide/plugins/com.st.stm32cube.ide.mcu.externaltools.gnu-tools-for-stm32.9-2020-q2-update.win32_1.5.0.202011040924/tools/bin/../lib/gcc/arm-none-eabi/9.3.1/../../../../arm-none-eabi/lib/thumb/v7e-m+fp/hard\libc_nano.a(lib_a-nano-vfprintf_i.o)
                0x0000000008003f90                _printf_common
 *fill*         0x000000000800406a        0x2 
 .text._printf_i
                0x000000000800406c      0x24c c:/st/stm32cubeide_1.6.0/stm32cubeide/plugins/com.st.stm32cube.ide.mcu.externaltools.gnu-tools-for-stm32.9-2020-q2-update.win32_1.5.0.202011040924/tools/bin/../lib/gcc/arm-none-eabi/9.3.1/../../../../arm-none-eabi/lib/thumb/v7e-m+fp/hard\libc_nano.a(lib_a-nano-vfprintf_i.o)
                0x000000000800406c                _printf_i
 .text.memmove  0x00000000080042b8       0x34 c:/st/stm32cubeide_1.6.0/stm32cubeide/plugins/com.st.stm32cube.ide.mcu.externaltools.gnu-tools-for-stm32.9-2020-q2-update.win32_1.5.0.202011040924/tools/bin/../lib/gcc/arm-none-eabi/9.3.1/../../../../arm-none-eabi/lib/thumb/v7e-m+fp/hard\libc_nano.a(lib_a-memmove.o)
                0x00000000080042b8                memmove
 .text._free_r  0x00000000080042ec       0xa0 c:/st/stm32cubeide_1.6.0/stm32cubeide/plugins/com.st.stm32cube.ide.mcu.externaltools.gnu-tools-for-stm32.9-2020-q2-update.win32_1.5.0.202011040924/tools/bin/../lib/gcc/arm-none-eabi/9.3.1/../../../../arm-none-eabi/lib/thumb/v7e-m+fp/hard\libc_nano.a(lib_a-nano-freer.o)
                0x00000000080042ec                _free_r
 .text._malloc_r
                0x000000000800438c       0xb4 c:/st/stm32cubeide_1.6.0/stm32cubeide/plugins/com.st.stm32cube.ide.mcu.externaltools.gnu-tools-for-stm32.9-2020-q2-update.win32_1.5.0.202011040924/tools/bin/../lib/gcc/arm-none-eabi/9.3.1/../../../../arm-none-eabi/lib/thumb/v7e-m+fp/hard\libc_nano.a(lib_a-nano-mallocr.o)
                0x000000000800438c                _malloc_r
 .text._realloc_r
                0x0000000008004440       0x4c c:/st/stm32cubeide_1.6.0/stm32cubeide/plugins/com.st.stm32cube.ide.mcu.externaltools.gnu-tools-for-stm32.9-2020-q2-update.win32_1.5.0.202011040924/tools/bin/../lib/gcc/arm-none-eabi/9.3.1/../../../../arm-none-eabi/lib/thumb/v7e-m+fp/hard\libc_nano.a(lib_a-nano-reallocr.o)
                0x0000000008004440                _realloc_r
 .text._sbrk_r  0x000000000800448c       0x20 c:/st/stm32cubeide_1.6.0/stm32cubeide/plugins/com.st.stm32cube.ide.mcu.externaltools.gnu-tools-for-stm32.9-2020-q2-update.win32_1.5.0.202011040924/tools/bin/../lib/gcc/arm-none-eabi/9.3.1/../../../../arm-none-eabi/lib/thumb/v7e-m+fp/hard\libc_nano.a(lib_a-sbrkr.o)
                0x000000000800448c                _sbrk_r
 .text.__malloc_lock
                0x00000000080044ac        0xc c:/st/stm32cubeide_1.6.0/stm32cubeide/plugins/com.st.stm32cube.ide.mcu.externaltools.gnu-tools-for-stm32.9-2020-q2-update.win32_1.5.0.202011040924/tools/bin/../lib/gcc/arm-none-eabi/9.3.1/../../../../arm-none-eabi/lib/thumb/v7e-m+fp/hard\libc_nano.a(lib_a-mlock.o)
                0x00000000080044ac                __malloc_lock
 .text.__malloc_unlock
                0x00000000080044b8        0xc c:/st/stm32cubeide_1.6.0/stm32cubeide/plugins/com.st.stm32cube.ide.mcu.externaltools.gnu-tools-for-stm32.9-2020-q2-update.win32_1.5.0.202011040924/tools/bin/../lib/gcc/arm-none-eabi/9.3.1/../../../../arm-none-eabi/lib/thumb/v7e-m+fp/hard\libc_nano.a(lib_a-mlock.o)
                0x00000000080044b8                __malloc_unlock
 .text._malloc_usable_size_r
                0x00000000080044c4       0x10 c:/st/stm32cubeide_1.6.0/stm32cubeide/plugins/com.st.stm32cube.ide.mcu.externaltools.gnu-tools-for-stm32.9-2020-q2-update.win32_1.5.0.202011040924/tools/bin/../lib/gcc/arm-none-eabi/9.3.1/../../../../arm-none-eabi/lib/thumb/v7e-m+fp/hard\libc_nano.a(lib_a-nano-msizer.o)
                0x00000000080044c4                _malloc_usable_size_r
 .text.__retarget_lock_acquire_recursive
                0x00000000080044d4        0x2 c:/st/stm32cubeide_1.6.0/stm32cubeide/plugins/com.st.stm32cube.ide.mcu.externaltools.gnu-tools-for-stm32.9-2020-q2-update.win32_1.5.0.202011040924/tools/bin/../lib/gcc/arm-none-eabi/9.3.1/../../../../arm-none-eabi/lib/thumb/v7e-m+fp/hard\libc_nano.a(lib_a-lock.o)
                0x00000000080044d4                __retarget_lock_acquire_recursive
 .text.__retarget_lock_release_recursive
                0x00000000080044d6        0x2 c:/st/stm32cubeide_1.6.0/stm32cubeide/plugins/com.st.stm32cube.ide.mcu.externaltools.gnu-tools-for-stm32.9-2020-q2-update.win32_1.5.0.202011040924/tools/bin/../lib/gcc/arm-none-eabi/9.3.1/../../../../arm-none-eabi/lib/thumb/v7e-m+fp/hard\libc_nano.a(lib_a-lock.o)
                0x00000000080044d6                __retarget_lock_release_recursive
 *(.glue_7)
 .glue_7        0x00000000080044d8        0x0 linker stubs
 *(.glue_7t)
 .glue_7t       0x00000000080044d8        0x0 linker stubs
 *(.eh_frame)
 .eh_frame      0x00000000080044d8        0x0 c:/st/stm32cubeide_1.6.0/stm32cubeide/plugins/com.st.stm32cube.ide.mcu.externaltools.gnu-tools-for-stm32.9-2020-q2-update.win32_1.5.0.202011040924/tools/bin/../lib/gcc/arm-none-eabi/9.3.1/thumb/v7e-m+fp/hard/crtbegin.o
 *(.init)
 .init          0x00000000080044d8        0x4 c:/st/stm32cubeide_1.6.0/stm32cubeide/plugins/com.st.stm32cube.ide.mcu.externaltools.gnu-tools-for-stm32.9-2020-q2-update.win32_1.5.0.202011040924/tools/bin/../lib/gcc/arm-none-eabi/9.3.1/thumb/v7e-m+fp/hard/crti.o
                0x00000000080044d8                _init
 .init          0x00000000080044dc        0x8 c:/st/stm32cubeide_1.6.0/stm32cubeide/plugins/com.st.stm32cube.ide.mcu.externaltools.gnu-tools-for-stm32.9-2020-q2-update.win32_1.5.0.202011040924/tools/bin/../lib/gcc/arm-none-eabi/9.3.1/thumb/v7e-m+fp/hard/crtn.o
 *(.fini)
 .fini          0x00000000080044e4        0x4 c:/st/stm32cubeide_1.6.0/stm32cubeide/plugins/com.st.stm32cube.ide.mcu.externaltools.gnu-tools-for-stm32.9-2020-q2-update.win32_1.5.0.202011040924/tools/bin/../lib/gcc/arm-none-eabi/9.3.1/thumb/v7e-m+fp/hard/crti.o
                0x00000000080044e4                _fini
 .fini          0x00000000080044e8        0x8 c:/st/stm32cubeide_1.6.0/stm32cubeide/plugins/com.st.stm32cube.ide.mcu.externaltools.gnu-tools-for-stm32.9-2020-q2-update.win32_1.5.0.202011040924/tools/bin/../lib/gcc/arm-none-eabi/9.3.1/thumb/v7e-m+fp/hard/crtn.o
                0x00000000080044f0                . = ALIGN (0x4)
                0x00000000080044f0                _etext = .

.vfp11_veneer   0x00000000080044f0        0x0
 .vfp11_veneer  0x00000000080044f0        0x0 linker stubs

.v4_bx          0x00000000080044f0        0x0
 .v4_bx         0x00000000080044f0        0x0 linker stubs

.iplt           0x00000000080044f0        0x0
 .iplt          0x00000000080044f0        0x0 c:/st/stm32cubeide_1.6.0/stm32cubeide/plugins/com.st.stm32cube.ide.mcu.externaltools.gnu-tools-for-stm32.9-2020-q2-update.win32_1.5.0.202011040924/tools/bin/../lib/gcc/arm-none-eabi/9.3.1/thumb/v7e-m+fp/hard/crtbegin.o

.rodata         0x00000000080044f0      0x5a0
                0x00000000080044f0                . = ALIGN (0x4)
 *(.rodata)
 .rodata        0x00000000080044f0      0x541 Core/Src/MY_NRF24.o
 *(.rodata*)
 *fill*         0x0000000008004a31        0x3 
 .rodata.NRF24_ADDR_REGS
                0x0000000008004a34        0x7 Core/Src/MY_NRF24.o
 *fill*         0x0000000008004a3b        0x1 
 .rodata.RF24_RX_PW_PIPE
                0x0000000008004a3c        0x6 Core/Src/MY_NRF24.o
 *fill*         0x0000000008004a42        0x2 
 .rodata.AHBPrescTable
                0x0000000008004a44       0x10 Core/Src/system_stm32f4xx.o
                0x0000000008004a44                AHBPrescTable
 .rodata.APBPrescTable
                0x0000000008004a54        0x8 Core/Src/system_stm32f4xx.o
                0x0000000008004a54                APBPrescTable
 .rodata._svfprintf_r.str1.1
                0x0000000008004a5c       0x11 c:/st/stm32cubeide_1.6.0/stm32cubeide/plugins/com.st.stm32cube.ide.mcu.externaltools.gnu-tools-for-stm32.9-2020-q2-update.win32_1.5.0.202011040924/tools/bin/../lib/gcc/arm-none-eabi/9.3.1/../../../../arm-none-eabi/lib/thumb/v7e-m+fp/hard\libc_nano.a(lib_a-nano-svfprintf.o)
 .rodata._printf_i.str1.1
                0x0000000008004a6d       0x22 c:/st/stm32cubeide_1.6.0/stm32cubeide/plugins/com.st.stm32cube.ide.mcu.externaltools.gnu-tools-for-stm32.9-2020-q2-update.win32_1.5.0.202011040924/tools/bin/../lib/gcc/arm-none-eabi/9.3.1/../../../../arm-none-eabi/lib/thumb/v7e-m+fp/hard\libc_nano.a(lib_a-nano-vfprintf_i.o)
                0x0000000008004a90                . = ALIGN (0x4)
 *fill*         0x0000000008004a8f        0x1 

.ARM.extab      0x0000000008004a90        0x0
                0x0000000008004a90                . = ALIGN (0x4)
 *(.ARM.extab* .gnu.linkonce.armextab.*)
                0x0000000008004a90                . = ALIGN (0x4)

.ARM            0x0000000008004a90        0x8
                0x0000000008004a90                . = ALIGN (0x4)
                0x0000000008004a90                __exidx_start = .
 *(.ARM.exidx*)
 .ARM.exidx     0x0000000008004a90        0x8 c:/st/stm32cubeide_1.6.0/stm32cubeide/plugins/com.st.stm32cube.ide.mcu.externaltools.gnu-tools-for-stm32.9-2020-q2-update.win32_1.5.0.202011040924/tools/bin/../lib/gcc/arm-none-eabi/9.3.1/thumb/v7e-m+fp/hard\libgcc.a(_udivmoddi4.o)
                0x0000000008004a98                __exidx_end = .
                0x0000000008004a98                . = ALIGN (0x4)

.rel.dyn        0x0000000008004a98        0x0
 .rel.iplt      0x0000000008004a98        0x0 c:/st/stm32cubeide_1.6.0/stm32cubeide/plugins/com.st.stm32cube.ide.mcu.externaltools.gnu-tools-for-stm32.9-2020-q2-update.win32_1.5.0.202011040924/tools/bin/../lib/gcc/arm-none-eabi/9.3.1/thumb/v7e-m+fp/hard/crtbegin.o

.preinit_array  0x0000000008004a98        0x0
                0x0000000008004a98                . = ALIGN (0x4)
                0x0000000008004a98                PROVIDE (__preinit_array_start = .)
 *(.preinit_array*)
                0x0000000008004a98                PROVIDE (__preinit_array_end = .)
                0x0000000008004a98                . = ALIGN (0x4)

.init_array     0x0000000008004a98        0x4
                0x0000000008004a98                . = ALIGN (0x4)
                0x0000000008004a98                PROVIDE (__init_array_start = .)
 *(SORT_BY_NAME(.init_array.*))
 *(.init_array*)
 .init_array    0x0000000008004a98        0x4 c:/st/stm32cubeide_1.6.0/stm32cubeide/plugins/com.st.stm32cube.ide.mcu.externaltools.gnu-tools-for-stm32.9-2020-q2-update.win32_1.5.0.202011040924/tools/bin/../lib/gcc/arm-none-eabi/9.3.1/thumb/v7e-m+fp/hard/crtbegin.o
                0x0000000008004a9c                PROVIDE (__init_array_end = .)
                0x0000000008004a9c                . = ALIGN (0x4)

.fini_array     0x0000000008004a9c        0x4
                0x0000000008004a9c                . = ALIGN (0x4)
                [!provide]                        PROVIDE (__fini_array_start = .)
 *(SORT_BY_NAME(.fini_array.*))
 *(.fini_array*)
 .fini_array    0x0000000008004a9c        0x4 c:/st/stm32cubeide_1.6.0/stm32cubeide/plugins/com.st.stm32cube.ide.mcu.externaltools.gnu-tools-for-stm32.9-2020-q2-update.win32_1.5.0.202011040924/tools/bin/../lib/gcc/arm-none-eabi/9.3.1/thumb/v7e-m+fp/hard/crtbegin.o
                [!provide]                        PROVIDE (__fini_array_end = .)
                0x0000000008004aa0                . = ALIGN (0x4)
                0x0000000008004aa0                _sidata = LOADADDR (.data)

.data           0x0000000020000000       0x78 load address 0x0000000008004aa0
                0x0000000020000000                . = ALIGN (0x4)
                0x0000000020000000                _sdata = .
 *(.data)
 *(.data*)
 .data.RxpipeAddrs
                0x0000000020000000        0x8 Core/Src/main.o
                0x0000000020000000                RxpipeAddrs
 .data.SystemCoreClock
                0x0000000020000008        0x4 Core/Src/system_stm32f4xx.o
                0x0000000020000008                SystemCoreClock
 .data.uwTickPrio
                0x000000002000000c        0x4 Drivers/STM32F4xx_HAL_Driver/Src/stm32f4xx_hal.o
                0x000000002000000c                uwTickPrio
 .data.uwTickFreq
                0x0000000020000010        0x1 Drivers/STM32F4xx_HAL_Driver/Src/stm32f4xx_hal.o
                0x0000000020000010                uwTickFreq
 *fill*         0x0000000020000011        0x3 
 .data._impure_ptr
                0x0000000020000014        0x4 c:/st/stm32cubeide_1.6.0/stm32cubeide/plugins/com.st.stm32cube.ide.mcu.externaltools.gnu-tools-for-stm32.9-2020-q2-update.win32_1.5.0.202011040924/tools/bin/../lib/gcc/arm-none-eabi/9.3.1/../../../../arm-none-eabi/lib/thumb/v7e-m+fp/hard\libc_nano.a(lib_a-impure.o)
                0x0000000020000014                _impure_ptr
 .data.impure_data
                0x0000000020000018       0x60 c:/st/stm32cubeide_1.6.0/stm32cubeide/plugins/com.st.stm32cube.ide.mcu.externaltools.gnu-tools-for-stm32.9-2020-q2-update.win32_1.5.0.202011040924/tools/bin/../lib/gcc/arm-none-eabi/9.3.1/../../../../arm-none-eabi/lib/thumb/v7e-m+fp/hard\libc_nano.a(lib_a-impure.o)
 *(.RamFunc)
 *(.RamFunc*)
                0x0000000020000078                . = ALIGN (0x4)
                0x0000000020000078                _edata = .

.igot.plt       0x0000000020000078        0x0 load address 0x0000000008004b18
 .igot.plt      0x0000000020000078        0x0 c:/st/stm32cubeide_1.6.0/stm32cubeide/plugins/com.st.stm32cube.ide.mcu.externaltools.gnu-tools-for-stm32.9-2020-q2-update.win32_1.5.0.202011040924/tools/bin/../lib/gcc/arm-none-eabi/9.3.1/thumb/v7e-m+fp/hard/crtbegin.o
                0x0000000020000078                . = ALIGN (0x4)

.bss            0x0000000020000078      0x1c0 load address 0x0000000008004b18
                0x0000000020000078                _sbss = .
                0x0000000020000078                __bss_start__ = _sbss
 *(.bss)
 .bss           0x0000000020000078       0x1c c:/st/stm32cubeide_1.6.0/stm32cubeide/plugins/com.st.stm32cube.ide.mcu.externaltools.gnu-tools-for-stm32.9-2020-q2-update.win32_1.5.0.202011040924/tools/bin/../lib/gcc/arm-none-eabi/9.3.1/thumb/v7e-m+fp/hard/crtbegin.o
 *(.bss*)
 *fill*         0x0000000020000094        0x4 
 .bss.pipe0_reading_address
                0x0000000020000098        0x8 Core/Src/MY_NRF24.o
 .bss.payload_size
                0x00000000200000a0        0x1 Core/Src/MY_NRF24.o
 .bss.dynamic_payloads_enabled
                0x00000000200000a1        0x1 Core/Src/MY_NRF24.o
 .bss.wide_band
                0x00000000200000a2        0x1 Core/Src/MY_NRF24.o
 *fill*         0x00000000200000a3        0x1 
 .bss.nrf24_PORT
                0x00000000200000a4        0x4 Core/Src/MY_NRF24.o
 .bss.nrf24_CSN_PIN
                0x00000000200000a8        0x2 Core/Src/MY_NRF24.o
 .bss.nrf24_CE_PIN
                0x00000000200000aa        0x2 Core/Src/MY_NRF24.o
 .bss.nrf24_hspi
                0x00000000200000ac       0x58 Core/Src/MY_NRF24.o
 .bss.nrf24_huart
                0x0000000020000104       0x44 Core/Src/MY_NRF24.o
 .bss.__sbrk_heap_end
                0x0000000020000148        0x4 Core/Src/sysmem.o
 .bss.__malloc_free_list
                0x000000002000014c        0x4 c:/st/stm32cubeide_1.6.0/stm32cubeide/plugins/com.st.stm32cube.ide.mcu.externaltools.gnu-tools-for-stm32.9-2020-q2-update.win32_1.5.0.202011040924/tools/bin/../lib/gcc/arm-none-eabi/9.3.1/../../../../arm-none-eabi/lib/thumb/v7e-m+fp/hard\libc_nano.a(lib_a-nano-mallocr.o)
                0x000000002000014c                __malloc_free_list
 .bss.__malloc_sbrk_start
                0x0000000020000150        0x4 c:/st/stm32cubeide_1.6.0/stm32cubeide/plugins/com.st.stm32cube.ide.mcu.externaltools.gnu-tools-for-stm32.9-2020-q2-update.win32_1.5.0.202011040924/tools/bin/../lib/gcc/arm-none-eabi/9.3.1/../../../../arm-none-eabi/lib/thumb/v7e-m+fp/hard\libc_nano.a(lib_a-nano-mallocr.o)
                0x0000000020000150                __malloc_sbrk_start
 *(COMMON)
 COMMON         0x0000000020000154       0xd0 Core/Src/main.o
                0x0000000020000154                myRxData
                0x0000000020000188                hspi1
                0x00000000200001e0                huart2
 COMMON         0x0000000020000224        0x4 Drivers/STM32F4xx_HAL_Driver/Src/stm32f4xx_hal.o
                0x0000000020000224                uwTick
 COMMON         0x0000000020000228        0x4 c:/st/stm32cubeide_1.6.0/stm32cubeide/plugins/com.st.stm32cube.ide.mcu.externaltools.gnu-tools-for-stm32.9-2020-q2-update.win32_1.5.0.202011040924/tools/bin/../lib/gcc/arm-none-eabi/9.3.1/../../../../arm-none-eabi/lib/thumb/v7e-m+fp/hard\libc_nano.a(lib_a-reent.o)
                0x0000000020000228                errno
 COMMON         0x000000002000022c        0x9 c:/st/stm32cubeide_1.6.0/stm32cubeide/plugins/com.st.stm32cube.ide.mcu.externaltools.gnu-tools-for-stm32.9-2020-q2-update.win32_1.5.0.202011040924/tools/bin/../lib/gcc/arm-none-eabi/9.3.1/../../../../arm-none-eabi/lib/thumb/v7e-m+fp/hard\libc_nano.a(lib_a-lock.o)
                0x000000002000022c                __lock___atexit_recursive_mutex
                0x000000002000022d                __lock___arc4random_mutex
                0x000000002000022e                __lock___env_recursive_mutex
                0x000000002000022f                __lock___sinit_recursive_mutex
                0x0000000020000230                __lock___malloc_recursive_mutex
                0x0000000020000231                __lock___at_quick_exit_mutex
                0x0000000020000232                __lock___dd_hash_mutex
                0x0000000020000233                __lock___tz_mutex
                0x0000000020000234                __lock___sfp_recursive_mutex
                0x0000000020000238                . = ALIGN (0x4)
 *fill*         0x0000000020000235        0x3 
                0x0000000020000238                _ebss = .
                0x0000000020000238                __bss_end__ = _ebss

._user_heap_stack
                0x0000000020000238      0x600 load address 0x0000000008004b18
                0x0000000020000238                . = ALIGN (0x8)
                [!provide]                        PROVIDE (end = .)
                0x0000000020000238                PROVIDE (_end = .)
                0x0000000020000438                . = (. + _Min_Heap_Size)
 *fill*         0x0000000020000238      0x200 
                0x0000000020000838                . = (. + _Min_Stack_Size)
 *fill*         0x0000000020000438      0x400 
                0x0000000020000838                . = ALIGN (0x8)

/DISCARD/
 libc.a(*)
 libm.a(*)
 libgcc.a(*)

.ARM.attributes
                0x0000000000000000       0x30
 *(.ARM.attributes)
 .ARM.attributes
                0x0000000000000000       0x1e c:/st/stm32cubeide_1.6.0/stm32cubeide/plugins/com.st.stm32cube.ide.mcu.externaltools.gnu-tools-for-stm32.9-2020-q2-update.win32_1.5.0.202011040924/tools/bin/../lib/gcc/arm-none-eabi/9.3.1/thumb/v7e-m+fp/hard/crti.o
 .ARM.attributes
                0x000000000000001e       0x34 c:/st/stm32cubeide_1.6.0/stm32cubeide/plugins/com.st.stm32cube.ide.mcu.externaltools.gnu-tools-for-stm32.9-2020-q2-update.win32_1.5.0.202011040924/tools/bin/../lib/gcc/arm-none-eabi/9.3.1/thumb/v7e-m+fp/hard/crtbegin.o
 .ARM.attributes
                0x0000000000000052       0x34 Core/Src/MY_NRF24.o
 .ARM.attributes
                0x0000000000000086       0x34 Core/Src/main.o
 .ARM.attributes
                0x00000000000000ba       0x34 Core/Src/stm32f4xx_hal_msp.o
 .ARM.attributes
                0x00000000000000ee       0x34 Core/Src/stm32f4xx_it.o
 .ARM.attributes
                0x0000000000000122       0x34 Core/Src/sysmem.o
 .ARM.attributes
                0x0000000000000156       0x34 Core/Src/system_stm32f4xx.o
 .ARM.attributes
                0x000000000000018a       0x21 Core/Startup/startup_stm32f407vgtx.o
 .ARM.attributes
                0x00000000000001ab       0x34 Drivers/STM32F4xx_HAL_Driver/Src/stm32f4xx_hal.o
 .ARM.attributes
                0x00000000000001df       0x34 Drivers/STM32F4xx_HAL_Driver/Src/stm32f4xx_hal_cortex.o
 .ARM.attributes
                0x0000000000000213       0x34 Drivers/STM32F4xx_HAL_Driver/Src/stm32f4xx_hal_gpio.o
 .ARM.attributes
                0x0000000000000247       0x34 Drivers/STM32F4xx_HAL_Driver/Src/stm32f4xx_hal_rcc.o
 .ARM.attributes
                0x000000000000027b       0x34 Drivers/STM32F4xx_HAL_Driver/Src/stm32f4xx_hal_spi.o
 .ARM.attributes
                0x00000000000002af       0x34 Drivers/STM32F4xx_HAL_Driver/Src/stm32f4xx_hal_uart.o
 .ARM.attributes
                0x00000000000002e3       0x34 c:/st/stm32cubeide_1.6.0/stm32cubeide/plugins/com.st.stm32cube.ide.mcu.externaltools.gnu-tools-for-stm32.9-2020-q2-update.win32_1.5.0.202011040924/tools/bin/../lib/gcc/arm-none-eabi/9.3.1/../../../../arm-none-eabi/lib/thumb/v7e-m+fp/hard\libc_nano.a(lib_a-errno.o)
 .ARM.attributes
                0x0000000000000317       0x32 c:/st/stm32cubeide_1.6.0/stm32cubeide/plugins/com.st.stm32cube.ide.mcu.externaltools.gnu-tools-for-stm32.9-2020-q2-update.win32_1.5.0.202011040924/tools/bin/../lib/gcc/arm-none-eabi/9.3.1/../../../../arm-none-eabi/lib/thumb/v7e-m+fp/hard\libc_nano.a(lib_a-impure.o)
 .ARM.attributes
                0x0000000000000349       0x34 c:/st/stm32cubeide_1.6.0/stm32cubeide/plugins/com.st.stm32cube.ide.mcu.externaltools.gnu-tools-for-stm32.9-2020-q2-update.win32_1.5.0.202011040924/tools/bin/../lib/gcc/arm-none-eabi/9.3.1/../../../../arm-none-eabi/lib/thumb/v7e-m+fp/hard\libc_nano.a(lib_a-init.o)
 .ARM.attributes
                0x000000000000037d       0x34 c:/st/stm32cubeide_1.6.0/stm32cubeide/plugins/com.st.stm32cube.ide.mcu.externaltools.gnu-tools-for-stm32.9-2020-q2-update.win32_1.5.0.202011040924/tools/bin/../lib/gcc/arm-none-eabi/9.3.1/../../../../arm-none-eabi/lib/thumb/v7e-m+fp/hard\libc_nano.a(lib_a-memcpy-stub.o)
 .ARM.attributes
                0x00000000000003b1       0x34 c:/st/stm32cubeide_1.6.0/stm32cubeide/plugins/com.st.stm32cube.ide.mcu.externaltools.gnu-tools-for-stm32.9-2020-q2-update.win32_1.5.0.202011040924/tools/bin/../lib/gcc/arm-none-eabi/9.3.1/../../../../arm-none-eabi/lib/thumb/v7e-m+fp/hard\libc_nano.a(lib_a-memset.o)
 .ARM.attributes
                0x00000000000003e5       0x34 c:/st/stm32cubeide_1.6.0/stm32cubeide/plugins/com.st.stm32cube.ide.mcu.externaltools.gnu-tools-for-stm32.9-2020-q2-update.win32_1.5.0.202011040924/tools/bin/../lib/gcc/arm-none-eabi/9.3.1/../../../../arm-none-eabi/lib/thumb/v7e-m+fp/hard\libc_nano.a(lib_a-sprintf.o)
 .ARM.attributes
                0x0000000000000419       0x17 c:/st/stm32cubeide_1.6.0/stm32cubeide/plugins/com.st.stm32cube.ide.mcu.externaltools.gnu-tools-for-stm32.9-2020-q2-update.win32_1.5.0.202011040924/tools/bin/../lib/gcc/arm-none-eabi/9.3.1/../../../../arm-none-eabi/lib/thumb/v7e-m+fp/hard\libc_nano.a(lib_a-strlen.o)
 .ARM.attributes
                0x0000000000000430       0x34 c:/st/stm32cubeide_1.6.0/stm32cubeide/plugins/com.st.stm32cube.ide.mcu.externaltools.gnu-tools-for-stm32.9-2020-q2-update.win32_1.5.0.202011040924/tools/bin/../lib/gcc/arm-none-eabi/9.3.1/../../../../arm-none-eabi/lib/thumb/v7e-m+fp/hard\libc_nano.a(lib_a-nano-svfprintf.o)
 .ARM.attributes
                0x0000000000000464       0x34 c:/st/stm32cubeide_1.6.0/stm32cubeide/plugins/com.st.stm32cube.ide.mcu.externaltools.gnu-tools-for-stm32.9-2020-q2-update.win32_1.5.0.202011040924/tools/bin/../lib/gcc/arm-none-eabi/9.3.1/../../../../arm-none-eabi/lib/thumb/v7e-m+fp/hard\libc_nano.a(lib_a-nano-vfprintf_i.o)
 .ARM.attributes
                0x0000000000000498       0x1c c:/st/stm32cubeide_1.6.0/stm32cubeide/plugins/com.st.stm32cube.ide.mcu.externaltools.gnu-tools-for-stm32.9-2020-q2-update.win32_1.5.0.202011040924/tools/bin/../lib/gcc/arm-none-eabi/9.3.1/../../../../arm-none-eabi/lib/thumb/v7e-m+fp/hard\libc_nano.a(lib_a-memchr.o)
 .ARM.attributes
                0x00000000000004b4       0x34 c:/st/stm32cubeide_1.6.0/stm32cubeide/plugins/com.st.stm32cube.ide.mcu.externaltools.gnu-tools-for-stm32.9-2020-q2-update.win32_1.5.0.202011040924/tools/bin/../lib/gcc/arm-none-eabi/9.3.1/../../../../arm-none-eabi/lib/thumb/v7e-m+fp/hard\libc_nano.a(lib_a-memmove.o)
 .ARM.attributes
                0x00000000000004e8       0x34 c:/st/stm32cubeide_1.6.0/stm32cubeide/plugins/com.st.stm32cube.ide.mcu.externaltools.gnu-tools-for-stm32.9-2020-q2-update.win32_1.5.0.202011040924/tools/bin/../lib/gcc/arm-none-eabi/9.3.1/../../../../arm-none-eabi/lib/thumb/v7e-m+fp/hard\libc_nano.a(lib_a-nano-freer.o)
 .ARM.attributes
                0x000000000000051c       0x34 c:/st/stm32cubeide_1.6.0/stm32cubeide/plugins/com.st.stm32cube.ide.mcu.externaltools.gnu-tools-for-stm32.9-2020-q2-update.win32_1.5.0.202011040924/tools/bin/../lib/gcc/arm-none-eabi/9.3.1/../../../../arm-none-eabi/lib/thumb/v7e-m+fp/hard\libc_nano.a(lib_a-nano-mallocr.o)
 .ARM.attributes
                0x0000000000000550       0x34 c:/st/stm32cubeide_1.6.0/stm32cubeide/plugins/com.st.stm32cube.ide.mcu.externaltools.gnu-tools-for-stm32.9-2020-q2-update.win32_1.5.0.202011040924/tools/bin/../lib/gcc/arm-none-eabi/9.3.1/../../../../arm-none-eabi/lib/thumb/v7e-m+fp/hard\libc_nano.a(lib_a-nano-reallocr.o)
 .ARM.attributes
                0x0000000000000584       0x34 c:/st/stm32cubeide_1.6.0/stm32cubeide/plugins/com.st.stm32cube.ide.mcu.externaltools.gnu-tools-for-stm32.9-2020-q2-update.win32_1.5.0.202011040924/tools/bin/../lib/gcc/arm-none-eabi/9.3.1/../../../../arm-none-eabi/lib/thumb/v7e-m+fp/hard\libc_nano.a(lib_a-sbrkr.o)
 .ARM.attributes
                0x00000000000005b8       0x34 c:/st/stm32cubeide_1.6.0/stm32cubeide/plugins/com.st.stm32cube.ide.mcu.externaltools.gnu-tools-for-stm32.9-2020-q2-update.win32_1.5.0.202011040924/tools/bin/../lib/gcc/arm-none-eabi/9.3.1/../../../../arm-none-eabi/lib/thumb/v7e-m+fp/hard\libc_nano.a(lib_a-mlock.o)
 .ARM.attributes
                0x00000000000005ec       0x34 c:/st/stm32cubeide_1.6.0/stm32cubeide/plugins/com.st.stm32cube.ide.mcu.externaltools.gnu-tools-for-stm32.9-2020-q2-update.win32_1.5.0.202011040924/tools/bin/../lib/gcc/arm-none-eabi/9.3.1/../../../../arm-none-eabi/lib/thumb/v7e-m+fp/hard\libc_nano.a(lib_a-nano-msizer.o)
 .ARM.attributes
                0x0000000000000620       0x34 c:/st/stm32cubeide_1.6.0/stm32cubeide/plugins/com.st.stm32cube.ide.mcu.externaltools.gnu-tools-for-stm32.9-2020-q2-update.win32_1.5.0.202011040924/tools/bin/../lib/gcc/arm-none-eabi/9.3.1/../../../../arm-none-eabi/lib/thumb/v7e-m+fp/hard\libc_nano.a(lib_a-reent.o)
 .ARM.attributes
                0x0000000000000654       0x34 c:/st/stm32cubeide_1.6.0/stm32cubeide/plugins/com.st.stm32cube.ide.mcu.externaltools.gnu-tools-for-stm32.9-2020-q2-update.win32_1.5.0.202011040924/tools/bin/../lib/gcc/arm-none-eabi/9.3.1/../../../../arm-none-eabi/lib/thumb/v7e-m+fp/hard\libc_nano.a(lib_a-lock.o)
 .ARM.attributes
                0x0000000000000688       0x1e c:/st/stm32cubeide_1.6.0/stm32cubeide/plugins/com.st.stm32cube.ide.mcu.externaltools.gnu-tools-for-stm32.9-2020-q2-update.win32_1.5.0.202011040924/tools/bin/../lib/gcc/arm-none-eabi/9.3.1/thumb/v7e-m+fp/hard\libgcc.a(_aeabi_uldivmod.o)
 .ARM.attributes
                0x00000000000006a6       0x34 c:/st/stm32cubeide_1.6.0/stm32cubeide/plugins/com.st.stm32cube.ide.mcu.externaltools.gnu-tools-for-stm32.9-2020-q2-update.win32_1.5.0.202011040924/tools/bin/../lib/gcc/arm-none-eabi/9.3.1/thumb/v7e-m+fp/hard\libgcc.a(_udivmoddi4.o)
 .ARM.attributes
                0x00000000000006da       0x1e c:/st/stm32cubeide_1.6.0/stm32cubeide/plugins/com.st.stm32cube.ide.mcu.externaltools.gnu-tools-for-stm32.9-2020-q2-update.win32_1.5.0.202011040924/tools/bin/../lib/gcc/arm-none-eabi/9.3.1/thumb/v7e-m+fp/hard\libgcc.a(_dvmd_tls.o)
 .ARM.attributes
                0x00000000000006f8       0x1e c:/st/stm32cubeide_1.6.0/stm32cubeide/plugins/com.st.stm32cube.ide.mcu.externaltools.gnu-tools-for-stm32.9-2020-q2-update.win32_1.5.0.202011040924/tools/bin/../lib/gcc/arm-none-eabi/9.3.1/thumb/v7e-m+fp/hard/crtn.o
OUTPUT(NRF24L01_Rx.elf elf32-littlearm)
LOAD linker stubs
LOAD c:/st/stm32cubeide_1.6.0/stm32cubeide/plugins/com.st.stm32cube.ide.mcu.externaltools.gnu-tools-for-stm32.9-2020-q2-update.win32_1.5.0.202011040924/tools/bin/../lib/gcc/arm-none-eabi/9.3.1/../../../../arm-none-eabi/lib/thumb/v7e-m+fp/hard\libc.a
LOAD c:/st/stm32cubeide_1.6.0/stm32cubeide/plugins/com.st.stm32cube.ide.mcu.externaltools.gnu-tools-for-stm32.9-2020-q2-update.win32_1.5.0.202011040924/tools/bin/../lib/gcc/arm-none-eabi/9.3.1/../../../../arm-none-eabi/lib/thumb/v7e-m+fp/hard\libm.a
LOAD c:/st/stm32cubeide_1.6.0/stm32cubeide/plugins/com.st.stm32cube.ide.mcu.externaltools.gnu-tools-for-stm32.9-2020-q2-update.win32_1.5.0.202011040924/tools/bin/../lib/gcc/arm-none-eabi/9.3.1/thumb/v7e-m+fp/hard\libgcc.a

.debug_info     0x0000000000000000     0xafcd
 .debug_info    0x0000000000000000     0x1fec Core/Src/MY_NRF24.o
 .debug_info    0x0000000000001fec     0x183e Core/Src/main.o
 .debug_info    0x000000000000382a      0xd14 Core/Src/stm32f4xx_hal_msp.o
 .debug_info    0x000000000000453e      0x222 Core/Src/stm32f4xx_it.o
 .debug_info    0x0000000000004760      0xa25 Core/Src/sysmem.o
 .debug_info    0x0000000000005185      0x5a4 Core/Src/system_stm32f4xx.o
 .debug_info    0x0000000000005729       0x22 Core/Startup/startup_stm32f407vgtx.o
 .debug_info    0x000000000000574b      0x9b2 Drivers/STM32F4xx_HAL_Driver/Src/stm32f4xx_hal.o
 .debug_info    0x00000000000060fd      0xed7 Drivers/STM32F4xx_HAL_Driver/Src/stm32f4xx_hal_cortex.o
 .debug_info    0x0000000000006fd4      0x83e Drivers/STM32F4xx_HAL_Driver/Src/stm32f4xx_hal_gpio.o
 .debug_info    0x0000000000007812      0x996 Drivers/STM32F4xx_HAL_Driver/Src/stm32f4xx_hal_rcc.o
 .debug_info    0x00000000000081a8     0x17c0 Drivers/STM32F4xx_HAL_Driver/Src/stm32f4xx_hal_spi.o
 .debug_info    0x0000000000009968     0x1665 Drivers/STM32F4xx_HAL_Driver/Src/stm32f4xx_hal_uart.o

.debug_abbrev   0x0000000000000000     0x1a4b
 .debug_abbrev  0x0000000000000000      0x392 Core/Src/MY_NRF24.o
 .debug_abbrev  0x0000000000000392      0x29d Core/Src/main.o
 .debug_abbrev  0x000000000000062f      0x1ac Core/Src/stm32f4xx_hal_msp.o
 .debug_abbrev  0x00000000000007db       0xd2 Core/Src/stm32f4xx_it.o
 .debug_abbrev  0x00000000000008ad      0x1bf Core/Src/sysmem.o
 .debug_abbrev  0x0000000000000a6c      0x145 Core/Src/system_stm32f4xx.o
 .debug_abbrev  0x0000000000000bb1       0x12 Core/Startup/startup_stm32f407vgtx.o
 .debug_abbrev  0x0000000000000bc3      0x1ed Drivers/STM32F4xx_HAL_Driver/Src/stm32f4xx_hal.o
 .debug_abbrev  0x0000000000000db0      0x33c Drivers/STM32F4xx_HAL_Driver/Src/stm32f4xx_hal_cortex.o
 .debug_abbrev  0x00000000000010ec      0x1f1 Drivers/STM32F4xx_HAL_Driver/Src/stm32f4xx_hal_gpio.o
 .debug_abbrev  0x00000000000012dd      0x275 Drivers/STM32F4xx_HAL_Driver/Src/stm32f4xx_hal_rcc.o
 .debug_abbrev  0x0000000000001552      0x26e Drivers/STM32F4xx_HAL_Driver/Src/stm32f4xx_hal_spi.o
 .debug_abbrev  0x00000000000017c0      0x28b Drivers/STM32F4xx_HAL_Driver/Src/stm32f4xx_hal_uart.o

.debug_aranges  0x0000000000000000      0x9e0
 .debug_aranges
                0x0000000000000000      0x1d0 Core/Src/MY_NRF24.o
 .debug_aranges
                0x00000000000001d0       0x48 Core/Src/main.o
 .debug_aranges
                0x0000000000000218       0x40 Core/Src/stm32f4xx_hal_msp.o
 .debug_aranges
                0x0000000000000258       0x60 Core/Src/stm32f4xx_it.o
 .debug_aranges
                0x00000000000002b8       0x20 Core/Src/sysmem.o
 .debug_aranges
                0x00000000000002d8       0x28 Core/Src/system_stm32f4xx.o
 .debug_aranges
                0x0000000000000300       0x28 Core/Startup/startup_stm32f407vgtx.o
 .debug_aranges
                0x0000000000000328       0xf0 Drivers/STM32F4xx_HAL_Driver/Src/stm32f4xx_hal.o
 .debug_aranges
                0x0000000000000418      0x118 Drivers/STM32F4xx_HAL_Driver/Src/stm32f4xx_hal_cortex.o
 .debug_aranges
                0x0000000000000530       0x58 Drivers/STM32F4xx_HAL_Driver/Src/stm32f4xx_hal_gpio.o
 .debug_aranges
                0x0000000000000588       0x88 Drivers/STM32F4xx_HAL_Driver/Src/stm32f4xx_hal_rcc.o
 .debug_aranges
                0x0000000000000610      0x1d0 Drivers/STM32F4xx_HAL_Driver/Src/stm32f4xx_hal_spi.o
 .debug_aranges
                0x00000000000007e0      0x200 Drivers/STM32F4xx_HAL_Driver/Src/stm32f4xx_hal_uart.o

.debug_ranges   0x0000000000000000      0x948
 .debug_ranges  0x0000000000000000      0x1c0 Core/Src/MY_NRF24.o
 .debug_ranges  0x00000000000001c0       0x38 Core/Src/main.o
 .debug_ranges  0x00000000000001f8       0x30 Core/Src/stm32f4xx_hal_msp.o
 .debug_ranges  0x0000000000000228       0x50 Core/Src/stm32f4xx_it.o
 .debug_ranges  0x0000000000000278       0x10 Core/Src/sysmem.o
 .debug_ranges  0x0000000000000288       0x18 Core/Src/system_stm32f4xx.o
 .debug_ranges  0x00000000000002a0       0x20 Core/Startup/startup_stm32f407vgtx.o
 .debug_ranges  0x00000000000002c0       0xe0 Drivers/STM32F4xx_HAL_Driver/Src/stm32f4xx_hal.o
 .debug_ranges  0x00000000000003a0      0x108 Drivers/STM32F4xx_HAL_Driver/Src/stm32f4xx_hal_cortex.o
 .debug_ranges  0x00000000000004a8       0x48 Drivers/STM32F4xx_HAL_Driver/Src/stm32f4xx_hal_gpio.o
 .debug_ranges  0x00000000000004f0       0x78 Drivers/STM32F4xx_HAL_Driver/Src/stm32f4xx_hal_rcc.o
 .debug_ranges  0x0000000000000568      0x1c0 Drivers/STM32F4xx_HAL_Driver/Src/stm32f4xx_hal_spi.o
 .debug_ranges  0x0000000000000728      0x220 Drivers/STM32F4xx_HAL_Driver/Src/stm32f4xx_hal_uart.o

.debug_macro    0x0000000000000000    0x206d8
 .debug_macro   0x0000000000000000      0x2e8 Core/Src/MY_NRF24.o
 .debug_macro   0x00000000000002e8      0xaa8 Core/Src/MY_NRF24.o
 .debug_macro   0x0000000000000d90      0x29b Core/Src/MY_NRF24.o
 .debug_macro   0x000000000000102b       0x2e Core/Src/MY_NRF24.o
 .debug_macro   0x0000000000001059       0x2f Core/Src/MY_NRF24.o
 .debug_macro   0x0000000000001088       0x22 Core/Src/MY_NRF24.o
 .debug_macro   0x00000000000010aa       0x8e Core/Src/MY_NRF24.o
 .debug_macro   0x0000000000001138       0x51 Core/Src/MY_NRF24.o
 .debug_macro   0x0000000000001189      0x103 Core/Src/MY_NRF24.o
 .debug_macro   0x000000000000128c       0x6a Core/Src/MY_NRF24.o
 .debug_macro   0x00000000000012f6      0x1df Core/Src/MY_NRF24.o
 .debug_macro   0x00000000000014d5       0x1c Core/Src/MY_NRF24.o
 .debug_macro   0x00000000000014f1       0x22 Core/Src/MY_NRF24.o
 .debug_macro   0x0000000000001513       0xdf Core/Src/MY_NRF24.o
 .debug_macro   0x00000000000015f2     0x102d Core/Src/MY_NRF24.o
 .debug_macro   0x000000000000261f      0x11f Core/Src/MY_NRF24.o
 .debug_macro   0x000000000000273e    0x15e3c Core/Src/MY_NRF24.o
 .debug_macro   0x000000000001857a       0x43 Core/Src/MY_NRF24.o
 .debug_macro   0x00000000000185bd     0x3659 Core/Src/MY_NRF24.o
 .debug_macro   0x000000000001bc16      0x174 Core/Src/MY_NRF24.o
 .debug_macro   0x000000000001bd8a       0x5c Core/Src/MY_NRF24.o
 .debug_macro   0x000000000001bde6      0x96b Core/Src/MY_NRF24.o
 .debug_macro   0x000000000001c751      0x9fe Core/Src/MY_NRF24.o
 .debug_macro   0x000000000001d14f      0x117 Core/Src/MY_NRF24.o
 .debug_macro   0x000000000001d266      0x13e Core/Src/MY_NRF24.o
 .debug_macro   0x000000000001d3a4       0x82 Core/Src/MY_NRF24.o
 .debug_macro   0x000000000001d426      0x174 Core/Src/MY_NRF24.o
 .debug_macro   0x000000000001d59a      0x287 Core/Src/MY_NRF24.o
 .debug_macro   0x000000000001d821       0x5f Core/Src/MY_NRF24.o
 .debug_macro   0x000000000001d880      0x236 Core/Src/MY_NRF24.o
 .debug_macro   0x000000000001dab6      0x12c Core/Src/MY_NRF24.o
 .debug_macro   0x000000000001dbe2      0x21e Core/Src/MY_NRF24.o
 .debug_macro   0x000000000001de00       0x2e Core/Src/MY_NRF24.o
 .debug_macro   0x000000000001de2e      0x11a Core/Src/MY_NRF24.o
 .debug_macro   0x000000000001df48       0x7e Core/Src/MY_NRF24.o
 .debug_macro   0x000000000001dfc6       0x89 Core/Src/MY_NRF24.o
 .debug_macro   0x000000000001e04f      0x225 Core/Src/MY_NRF24.o
 .debug_macro   0x000000000001e274      0x295 Core/Src/MY_NRF24.o
 .debug_macro   0x000000000001e509      0x12d Core/Src/MY_NRF24.o
 .debug_macro   0x000000000001e636      0x226 Core/Src/MY_NRF24.o
 .debug_macro   0x000000000001e85c       0x18 Core/Src/MY_NRF24.o
 .debug_macro   0x000000000001e874       0x52 Core/Src/MY_NRF24.o
 .debug_macro   0x000000000001e8c6       0x3c Core/Src/MY_NRF24.o
 .debug_macro   0x000000000001e902       0x34 Core/Src/MY_NRF24.o
 .debug_macro   0x000000000001e936       0x16 Core/Src/MY_NRF24.o
 .debug_macro   0x000000000001e94c       0x35 Core/Src/MY_NRF24.o
 .debug_macro   0x000000000001e981       0x16 Core/Src/MY_NRF24.o
 .debug_macro   0x000000000001e997       0x43 Core/Src/MY_NRF24.o
 .debug_macro   0x000000000001e9da       0x34 Core/Src/MY_NRF24.o
 .debug_macro   0x000000000001ea0e       0x10 Core/Src/MY_NRF24.o
 .debug_macro   0x000000000001ea1e       0x58 Core/Src/MY_NRF24.o
 .debug_macro   0x000000000001ea76       0x71 Core/Src/MY_NRF24.o
 .debug_macro   0x000000000001eae7       0x1c Core/Src/MY_NRF24.o
 .debug_macro   0x000000000001eb03      0x12a Core/Src/MY_NRF24.o
 .debug_macro   0x000000000001ec2d      0x333 Core/Src/MY_NRF24.o
 .debug_macro   0x000000000001ef60       0x16 Core/Src/MY_NRF24.o
 .debug_macro   0x000000000001ef76       0x29 Core/Src/MY_NRF24.o
 .debug_macro   0x000000000001ef9f       0x22 Core/Src/MY_NRF24.o
 .debug_macro   0x000000000001efc1       0x16 Core/Src/MY_NRF24.o
 .debug_macro   0x000000000001efd7       0x20 Core/Src/MY_NRF24.o
 .debug_macro   0x000000000001eff7      0x2e5 Core/Src/main.o
 .debug_macro   0x000000000001f2dc       0x1c Core/Src/main.o
 .debug_macro   0x000000000001f2f8      0x1d3 Core/Src/stm32f4xx_hal_msp.o
 .debug_macro   0x000000000001f4cb      0x1dd Core/Src/stm32f4xx_it.o
 .debug_macro   0x000000000001f6a8       0xff Core/Src/sysmem.o
 .debug_macro   0x000000000001f7a7      0x23b Core/Src/sysmem.o
 .debug_macro   0x000000000001f9e2      0x1c4 Core/Src/system_stm32f4xx.o
 .debug_macro   0x000000000001fba6      0x224 Drivers/STM32F4xx_HAL_Driver/Src/stm32f4xx_hal.o
 .debug_macro   0x000000000001fdca      0x1c4 Drivers/STM32F4xx_HAL_Driver/Src/stm32f4xx_hal_cortex.o
 .debug_macro   0x000000000001ff8e      0x1ca Drivers/STM32F4xx_HAL_Driver/Src/stm32f4xx_hal_gpio.o
 .debug_macro   0x0000000000020158      0x1e8 Drivers/STM32F4xx_HAL_Driver/Src/stm32f4xx_hal_rcc.o
 .debug_macro   0x0000000000020340      0x1d3 Drivers/STM32F4xx_HAL_Driver/Src/stm32f4xx_hal_spi.o
 .debug_macro   0x0000000000020513      0x1c5 Drivers/STM32F4xx_HAL_Driver/Src/stm32f4xx_hal_uart.o

.debug_line     0x0000000000000000     0x9c93
 .debug_line    0x0000000000000000     0x1332 Core/Src/MY_NRF24.o
 .debug_line    0x0000000000001332      0x996 Core/Src/main.o
 .debug_line    0x0000000000001cc8      0x747 Core/Src/stm32f4xx_hal_msp.o
 .debug_line    0x000000000000240f      0x76f Core/Src/stm32f4xx_it.o
 .debug_line    0x0000000000002b7e      0x4f8 Core/Src/sysmem.o
 .debug_line    0x0000000000003076      0x72e Core/Src/system_stm32f4xx.o
 .debug_line    0x00000000000037a4       0x88 Core/Startup/startup_stm32f407vgtx.o
 .debug_line    0x000000000000382c      0x994 Drivers/STM32F4xx_HAL_Driver/Src/stm32f4xx_hal.o
 .debug_line    0x00000000000041c0      0xc43 Drivers/STM32F4xx_HAL_Driver/Src/stm32f4xx_hal_cortex.o
 .debug_line    0x0000000000004e03      0xb0c Drivers/STM32F4xx_HAL_Driver/Src/stm32f4xx_hal_gpio.o
 .debug_line    0x000000000000590f      0xd0e Drivers/STM32F4xx_HAL_Driver/Src/stm32f4xx_hal_rcc.o
 .debug_line    0x000000000000661d     0x1c1c Drivers/STM32F4xx_HAL_Driver/Src/stm32f4xx_hal_spi.o
 .debug_line    0x0000000000008239     0x1a5a Drivers/STM32F4xx_HAL_Driver/Src/stm32f4xx_hal_uart.o

.debug_str      0x0000000000000000    0xc3f54
 .debug_str     0x0000000000000000    0xc17e5 Core/Src/MY_NRF24.o
                                      0xc1bf3 (size before relaxing)
 .debug_str     0x00000000000c17e5      0x375 Core/Src/main.o
                                      0xc17e6 (size before relaxing)
 .debug_str     0x00000000000c1b5a       0x72 Core/Src/stm32f4xx_hal_msp.o
                                      0xbdd6d (size before relaxing)
 .debug_str     0x00000000000c1bcc       0xbd Core/Src/stm32f4xx_it.o
                                      0xbd683 (size before relaxing)
 .debug_str     0x00000000000c1c89      0x4e9 Core/Src/sysmem.o
                                       0x628e (size before relaxing)
 .debug_str     0x00000000000c2172       0xaf Core/Src/system_stm32f4xx.o
                                      0xbd70f (size before relaxing)
 .debug_str     0x00000000000c2221       0x36 Core/Startup/startup_stm32f407vgtx.o
                                         0x5f (size before relaxing)
 .debug_str     0x00000000000c2257      0xa54 Drivers/STM32F4xx_HAL_Driver/Src/stm32f4xx_hal.o
                                      0xbe1f1 (size before relaxing)
 .debug_str     0x00000000000c2cab      0x399 Drivers/STM32F4xx_HAL_Driver/Src/stm32f4xx_hal_cortex.o
                                      0xbdfe0 (size before relaxing)
 .debug_str     0x00000000000c3044      0x15f Drivers/STM32F4xx_HAL_Driver/Src/stm32f4xx_hal_gpio.o
                                      0xbd8b6 (size before relaxing)
 .debug_str     0x00000000000c31a3      0x24e Drivers/STM32F4xx_HAL_Driver/Src/stm32f4xx_hal_rcc.o
                                      0xbdb11 (size before relaxing)
 .debug_str     0x00000000000c33f1      0x57f Drivers/STM32F4xx_HAL_Driver/Src/stm32f4xx_hal_spi.o
                                      0xbdfb3 (size before relaxing)
 .debug_str     0x00000000000c3970      0x5e4 Drivers/STM32F4xx_HAL_Driver/Src/stm32f4xx_hal_uart.o
                                      0xbe073 (size before relaxing)

.comment        0x0000000000000000       0x53
 .comment       0x0000000000000000       0x53 Core/Src/MY_NRF24.o
                                         0x54 (size before relaxing)
 .comment       0x0000000000000053       0x54 Core/Src/main.o
 .comment       0x0000000000000053       0x54 Core/Src/stm32f4xx_hal_msp.o
 .comment       0x0000000000000053       0x54 Core/Src/stm32f4xx_it.o
 .comment       0x0000000000000053       0x54 Core/Src/sysmem.o
 .comment       0x0000000000000053       0x54 Core/Src/system_stm32f4xx.o
 .comment       0x0000000000000053       0x54 Drivers/STM32F4xx_HAL_Driver/Src/stm32f4xx_hal.o
 .comment       0x0000000000000053       0x54 Drivers/STM32F4xx_HAL_Driver/Src/stm32f4xx_hal_cortex.o
 .comment       0x0000000000000053       0x54 Drivers/STM32F4xx_HAL_Driver/Src/stm32f4xx_hal_gpio.o
 .comment       0x0000000000000053       0x54 Drivers/STM32F4xx_HAL_Driver/Src/stm32f4xx_hal_rcc.o
 .comment       0x0000000000000053       0x54 Drivers/STM32F4xx_HAL_Driver/Src/stm32f4xx_hal_spi.o
 .comment       0x0000000000000053       0x54 Drivers/STM32F4xx_HAL_Driver/Src/stm32f4xx_hal_uart.o

.debug_frame    0x0000000000000000     0x2bd8
 .debug_frame   0x0000000000000000      0x784 Core/Src/MY_NRF24.o
 .debug_frame   0x0000000000000784       0xcc Core/Src/main.o
 .debug_frame   0x0000000000000850       0xc8 Core/Src/stm32f4xx_hal_msp.o
 .debug_frame   0x0000000000000918      0x104 Core/Src/stm32f4xx_it.o
 .debug_frame   0x0000000000000a1c       0x34 Core/Src/sysmem.o
 .debug_frame   0x0000000000000a50       0x58 Core/Src/system_stm32f4xx.o
 .debug_frame   0x0000000000000aa8      0x374 Drivers/STM32F4xx_HAL_Driver/Src/stm32f4xx_hal.o
 .debug_frame   0x0000000000000e1c      0x498 Drivers/STM32F4xx_HAL_Driver/Src/stm32f4xx_hal_cortex.o
 .debug_frame   0x00000000000012b4      0x14c Drivers/STM32F4xx_HAL_Driver/Src/stm32f4xx_hal_gpio.o
 .debug_frame   0x0000000000001400      0x1ec Drivers/STM32F4xx_HAL_Driver/Src/stm32f4xx_hal_rcc.o
 .debug_frame   0x00000000000015ec      0x824 Drivers/STM32F4xx_HAL_Driver/Src/stm32f4xx_hal_spi.o
 .debug_frame   0x0000000000001e10      0x924 Drivers/STM32F4xx_HAL_Driver/Src/stm32f4xx_hal_uart.o
 .debug_frame   0x0000000000002734       0x20 c:/st/stm32cubeide_1.6.0/stm32cubeide/plugins/com.st.stm32cube.ide.mcu.externaltools.gnu-tools-for-stm32.9-2020-q2-update.win32_1.5.0.202011040924/tools/bin/../lib/gcc/arm-none-eabi/9.3.1/../../../../arm-none-eabi/lib/thumb/v7e-m+fp/hard\libc_nano.a(lib_a-errno.o)
 .debug_frame   0x0000000000002754       0x2c c:/st/stm32cubeide_1.6.0/stm32cubeide/plugins/com.st.stm32cube.ide.mcu.externaltools.gnu-tools-for-stm32.9-2020-q2-update.win32_1.5.0.202011040924/tools/bin/../lib/gcc/arm-none-eabi/9.3.1/../../../../arm-none-eabi/lib/thumb/v7e-m+fp/hard\libc_nano.a(lib_a-init.o)
 .debug_frame   0x0000000000002780       0x28 c:/st/stm32cubeide_1.6.0/stm32cubeide/plugins/com.st.stm32cube.ide.mcu.externaltools.gnu-tools-for-stm32.9-2020-q2-update.win32_1.5.0.202011040924/tools/bin/../lib/gcc/arm-none-eabi/9.3.1/../../../../arm-none-eabi/lib/thumb/v7e-m+fp/hard\libc_nano.a(lib_a-memcpy-stub.o)
 .debug_frame   0x00000000000027a8       0x20 c:/st/stm32cubeide_1.6.0/stm32cubeide/plugins/com.st.stm32cube.ide.mcu.externaltools.gnu-tools-for-stm32.9-2020-q2-update.win32_1.5.0.202011040924/tools/bin/../lib/gcc/arm-none-eabi/9.3.1/../../../../arm-none-eabi/lib/thumb/v7e-m+fp/hard\libc_nano.a(lib_a-memset.o)
 .debug_frame   0x00000000000027c8       0x6c c:/st/stm32cubeide_1.6.0/stm32cubeide/plugins/com.st.stm32cube.ide.mcu.externaltools.gnu-tools-for-stm32.9-2020-q2-update.win32_1.5.0.202011040924/tools/bin/../lib/gcc/arm-none-eabi/9.3.1/../../../../arm-none-eabi/lib/thumb/v7e-m+fp/hard\libc_nano.a(lib_a-sprintf.o)
 .debug_frame   0x0000000000002834       0x90 c:/st/stm32cubeide_1.6.0/stm32cubeide/plugins/com.st.stm32cube.ide.mcu.externaltools.gnu-tools-for-stm32.9-2020-q2-update.win32_1.5.0.202011040924/tools/bin/../lib/gcc/arm-none-eabi/9.3.1/../../../../arm-none-eabi/lib/thumb/v7e-m+fp/hard\libc_nano.a(lib_a-nano-svfprintf.o)
 .debug_frame   0x00000000000028c4       0x60 c:/st/stm32cubeide_1.6.0/stm32cubeide/plugins/com.st.stm32cube.ide.mcu.externaltools.gnu-tools-for-stm32.9-2020-q2-update.win32_1.5.0.202011040924/tools/bin/../lib/gcc/arm-none-eabi/9.3.1/../../../../arm-none-eabi/lib/thumb/v7e-m+fp/hard\libc_nano.a(lib_a-nano-vfprintf_i.o)
 .debug_frame   0x0000000000002924       0x28 c:/st/stm32cubeide_1.6.0/stm32cubeide/plugins/com.st.stm32cube.ide.mcu.externaltools.gnu-tools-for-stm32.9-2020-q2-update.win32_1.5.0.202011040924/tools/bin/../lib/gcc/arm-none-eabi/9.3.1/../../../../arm-none-eabi/lib/thumb/v7e-m+fp/hard\libc_nano.a(lib_a-memmove.o)
 .debug_frame   0x000000000000294c       0x38 c:/st/stm32cubeide_1.6.0/stm32cubeide/plugins/com.st.stm32cube.ide.mcu.externaltools.gnu-tools-for-stm32.9-2020-q2-update.win32_1.5.0.202011040924/tools/bin/../lib/gcc/arm-none-eabi/9.3.1/../../../../arm-none-eabi/lib/thumb/v7e-m+fp/hard\libc_nano.a(lib_a-nano-freer.o)
 .debug_frame   0x0000000000002984       0x30 c:/st/stm32cubeide_1.6.0/stm32cubeide/plugins/com.st.stm32cube.ide.mcu.externaltools.gnu-tools-for-stm32.9-2020-q2-update.win32_1.5.0.202011040924/tools/bin/../lib/gcc/arm-none-eabi/9.3.1/../../../../arm-none-eabi/lib/thumb/v7e-m+fp/hard\libc_nano.a(lib_a-nano-mallocr.o)
 .debug_frame   0x00000000000029b4       0x3c c:/st/stm32cubeide_1.6.0/stm32cubeide/plugins/com.st.stm32cube.ide.mcu.externaltools.gnu-tools-for-stm32.9-2020-q2-update.win32_1.5.0.202011040924/tools/bin/../lib/gcc/arm-none-eabi/9.3.1/../../../../arm-none-eabi/lib/thumb/v7e-m+fp/hard\libc_nano.a(lib_a-nano-reallocr.o)
 .debug_frame   0x00000000000029f0       0x2c c:/st/stm32cubeide_1.6.0/stm32cubeide/plugins/com.st.stm32cube.ide.mcu.externaltools.gnu-tools-for-stm32.9-2020-q2-update.win32_1.5.0.202011040924/tools/bin/../lib/gcc/arm-none-eabi/9.3.1/../../../../arm-none-eabi/lib/thumb/v7e-m+fp/hard\libc_nano.a(lib_a-sbrkr.o)
 .debug_frame   0x0000000000002a1c       0x30 c:/st/stm32cubeide_1.6.0/stm32cubeide/plugins/com.st.stm32cube.ide.mcu.externaltools.gnu-tools-for-stm32.9-2020-q2-update.win32_1.5.0.202011040924/tools/bin/../lib/gcc/arm-none-eabi/9.3.1/../../../../arm-none-eabi/lib/thumb/v7e-m+fp/hard\libc_nano.a(lib_a-mlock.o)
 .debug_frame   0x0000000000002a4c       0x20 c:/st/stm32cubeide_1.6.0/stm32cubeide/plugins/com.st.stm32cube.ide.mcu.externaltools.gnu-tools-for-stm32.9-2020-q2-update.win32_1.5.0.202011040924/tools/bin/../lib/gcc/arm-none-eabi/9.3.1/../../../../arm-none-eabi/lib/thumb/v7e-m+fp/hard\libc_nano.a(lib_a-nano-msizer.o)
 .debug_frame   0x0000000000002a6c       0x5c c:/st/stm32cubeide_1.6.0/stm32cubeide/plugins/com.st.stm32cube.ide.mcu.externaltools.gnu-tools-for-stm32.9-2020-q2-update.win32_1.5.0.202011040924/tools/bin/../lib/gcc/arm-none-eabi/9.3.1/../../../../arm-none-eabi/lib/thumb/v7e-m+fp/hard\libc_nano.a(lib_a-reent.o)
 .debug_frame   0x0000000000002ac8       0xb0 c:/st/stm32cubeide_1.6.0/stm32cubeide/plugins/com.st.stm32cube.ide.mcu.externaltools.gnu-tools-for-stm32.9-2020-q2-update.win32_1.5.0.202011040924/tools/bin/../lib/gcc/arm-none-eabi/9.3.1/../../../../arm-none-eabi/lib/thumb/v7e-m+fp/hard\libc_nano.a(lib_a-lock.o)
 .debug_frame   0x0000000000002b78       0x2c c:/st/stm32cubeide_1.6.0/stm32cubeide/plugins/com.st.stm32cube.ide.mcu.externaltools.gnu-tools-for-stm32.9-2020-q2-update.win32_1.5.0.202011040924/tools/bin/../lib/gcc/arm-none-eabi/9.3.1/thumb/v7e-m+fp/hard\libgcc.a(_aeabi_uldivmod.o)
 .debug_frame   0x0000000000002ba4       0x34 c:/st/stm32cubeide_1.6.0/stm32cubeide/plugins/com.st.stm32cube.ide.mcu.externaltools.gnu-tools-for-stm32.9-2020-q2-update.win32_1.5.0.202011040924/tools/bin/../lib/gcc/arm-none-eabi/9.3.1/thumb/v7e-m+fp/hard\libgcc.a(_udivmoddi4.o)
